Archive member included to satisfy reference by file (symbol)

c:/st/stm32cubeide_1.4.0/stm32cubeide/plugins/com.st.stm32cube.ide.mcu.externaltools.gnu-tools-for-stm32.7-2018-q2-update.win32_1.4.0.202007081208/tools/bin/../lib/gcc/arm-none-eabi/7.3.1/../../../../arm-none-eabi/lib/thumb/v7-m\libc_nano.a(lib_a-atoi.o)
                              Src/main.o (atoi)
c:/st/stm32cubeide_1.4.0/stm32cubeide/plugins/com.st.stm32cube.ide.mcu.externaltools.gnu-tools-for-stm32.7-2018-q2-update.win32_1.4.0.202007081208/tools/bin/../lib/gcc/arm-none-eabi/7.3.1/../../../../arm-none-eabi/lib/thumb/v7-m\libc_nano.a(lib_a-errno.o)
                              Src/syscalls.o (__errno)
c:/st/stm32cubeide_1.4.0/stm32cubeide/plugins/com.st.stm32cube.ide.mcu.externaltools.gnu-tools-for-stm32.7-2018-q2-update.win32_1.4.0.202007081208/tools/bin/../lib/gcc/arm-none-eabi/7.3.1/../../../../arm-none-eabi/lib/thumb/v7-m\libc_nano.a(lib_a-exit.o)
                              c:/st/stm32cubeide_1.4.0/stm32cubeide/plugins/com.st.stm32cube.ide.mcu.externaltools.gnu-tools-for-stm32.7-2018-q2-update.win32_1.4.0.202007081208/tools/bin/../lib/gcc/arm-none-eabi/7.3.1/../../../../arm-none-eabi/lib/thumb/v7-m/crt0.o (exit)
c:/st/stm32cubeide_1.4.0/stm32cubeide/plugins/com.st.stm32cube.ide.mcu.externaltools.gnu-tools-for-stm32.7-2018-q2-update.win32_1.4.0.202007081208/tools/bin/../lib/gcc/arm-none-eabi/7.3.1/../../../../arm-none-eabi/lib/thumb/v7-m\libc_nano.a(lib_a-impure.o)
                              c:/st/stm32cubeide_1.4.0/stm32cubeide/plugins/com.st.stm32cube.ide.mcu.externaltools.gnu-tools-for-stm32.7-2018-q2-update.win32_1.4.0.202007081208/tools/bin/../lib/gcc/arm-none-eabi/7.3.1/../../../../arm-none-eabi/lib/thumb/v7-m\libc_nano.a(lib_a-exit.o) (_global_impure_ptr)
c:/st/stm32cubeide_1.4.0/stm32cubeide/plugins/com.st.stm32cube.ide.mcu.externaltools.gnu-tools-for-stm32.7-2018-q2-update.win32_1.4.0.202007081208/tools/bin/../lib/gcc/arm-none-eabi/7.3.1/../../../../arm-none-eabi/lib/thumb/v7-m\libc_nano.a(lib_a-init.o)
                              c:/st/stm32cubeide_1.4.0/stm32cubeide/plugins/com.st.stm32cube.ide.mcu.externaltools.gnu-tools-for-stm32.7-2018-q2-update.win32_1.4.0.202007081208/tools/bin/../lib/gcc/arm-none-eabi/7.3.1/../../../../arm-none-eabi/lib/thumb/v7-m/crt0.o (__libc_init_array)
c:/st/stm32cubeide_1.4.0/stm32cubeide/plugins/com.st.stm32cube.ide.mcu.externaltools.gnu-tools-for-stm32.7-2018-q2-update.win32_1.4.0.202007081208/tools/bin/../lib/gcc/arm-none-eabi/7.3.1/../../../../arm-none-eabi/lib/thumb/v7-m\libc_nano.a(lib_a-locale.o)
                              JSON/cJSON.o (__locale_ctype_ptr)
c:/st/stm32cubeide_1.4.0/stm32cubeide/plugins/com.st.stm32cube.ide.mcu.externaltools.gnu-tools-for-stm32.7-2018-q2-update.win32_1.4.0.202007081208/tools/bin/../lib/gcc/arm-none-eabi/7.3.1/../../../../arm-none-eabi/lib/thumb/v7-m\libc_nano.a(lib_a-malloc.o)
                              JSON/cJSON.o (malloc)
c:/st/stm32cubeide_1.4.0/stm32cubeide/plugins/com.st.stm32cube.ide.mcu.externaltools.gnu-tools-for-stm32.7-2018-q2-update.win32_1.4.0.202007081208/tools/bin/../lib/gcc/arm-none-eabi/7.3.1/../../../../arm-none-eabi/lib/thumb/v7-m\libc_nano.a(lib_a-mbtowc_r.o)
                              c:/st/stm32cubeide_1.4.0/stm32cubeide/plugins/com.st.stm32cube.ide.mcu.externaltools.gnu-tools-for-stm32.7-2018-q2-update.win32_1.4.0.202007081208/tools/bin/../lib/gcc/arm-none-eabi/7.3.1/../../../../arm-none-eabi/lib/thumb/v7-m\libc_nano.a(lib_a-locale.o) (__ascii_mbtowc)
c:/st/stm32cubeide_1.4.0/stm32cubeide/plugins/com.st.stm32cube.ide.mcu.externaltools.gnu-tools-for-stm32.7-2018-q2-update.win32_1.4.0.202007081208/tools/bin/../lib/gcc/arm-none-eabi/7.3.1/../../../../arm-none-eabi/lib/thumb/v7-m\libc_nano.a(lib_a-memcpy-stub.o)
                              FREE_RTOS/queue.o (memcpy)
c:/st/stm32cubeide_1.4.0/stm32cubeide/plugins/com.st.stm32cube.ide.mcu.externaltools.gnu-tools-for-stm32.7-2018-q2-update.win32_1.4.0.202007081208/tools/bin/../lib/gcc/arm-none-eabi/7.3.1/../../../../arm-none-eabi/lib/thumb/v7-m\libc_nano.a(lib_a-memset.o)
                              c:/st/stm32cubeide_1.4.0/stm32cubeide/plugins/com.st.stm32cube.ide.mcu.externaltools.gnu-tools-for-stm32.7-2018-q2-update.win32_1.4.0.202007081208/tools/bin/../lib/gcc/arm-none-eabi/7.3.1/../../../../arm-none-eabi/lib/thumb/v7-m/crt0.o (memset)
c:/st/stm32cubeide_1.4.0/stm32cubeide/plugins/com.st.stm32cube.ide.mcu.externaltools.gnu-tools-for-stm32.7-2018-q2-update.win32_1.4.0.202007081208/tools/bin/../lib/gcc/arm-none-eabi/7.3.1/../../../../arm-none-eabi/lib/thumb/v7-m\libc_nano.a(lib_a-nano-freer.o)
                              c:/st/stm32cubeide_1.4.0/stm32cubeide/plugins/com.st.stm32cube.ide.mcu.externaltools.gnu-tools-for-stm32.7-2018-q2-update.win32_1.4.0.202007081208/tools/bin/../lib/gcc/arm-none-eabi/7.3.1/../../../../arm-none-eabi/lib/thumb/v7-m\libc_nano.a(lib_a-malloc.o) (_free_r)
[...]
Memory Configuration

Name             Origin             Length             Attributes
RAM              0x0000000020000000 0x0000000000005000 xrw
ROM              0x0000000008000000 0x0000000000010000 xr
*default*        0x0000000000000000 0xffffffffffffffff

Linker script and memory map

LOAD c:/st/stm32cubeide_1.4.0/stm32cubeide/plugins/com.st.stm32cube.ide.mcu.externaltools.gnu-tools-for-stm32.7-2018-q2-update.win32_1.4.0.202007081208/tools/bin/../lib/gcc/arm-none-eabi/7.3.1/thumb/v7-m/crti.o
LOAD c:/st/stm32cubeide_1.4.0/stm32cubeide/plugins/com.st.stm32cube.ide.mcu.externaltools.gnu-tools-for-stm32.7-2018-q2-update.win32_1.4.0.202007081208/tools/bin/../lib/gcc/arm-none-eabi/7.3.1/thumb/v7-m/crtbegin.o
LOAD c:/st/stm32cubeide_1.4.0/stm32cubeide/plugins/com.st.stm32cube.ide.mcu.externaltools.gnu-tools-for-stm32.7-2018-q2-update.win32_1.4.0.202007081208/tools/bin/../lib/gcc/arm-none-eabi/7.3.1/../../../../arm-none-eabi/lib/thumb/v7-m/crt0.o
LOAD FREE_RTOS/croutine.o
LOAD FREE_RTOS/event_groups.o
LOAD FREE_RTOS/list.o
LOAD FREE_RTOS/queue.o
LOAD FREE_RTOS/stream_buffer.o
LOAD FREE_RTOS/tasks.o
LOAD FREE_RTOS/timers.o
LOAD FREE_RTOS/portable/GCC/ARM_CM3/port.o
LOAD FREE_RTOS/portable/MemMang/heap_4.o
LOAD JSON/cJSON.o
LOAD STM32F103C6_DRIVERS/ADC/ADC.o
LOAD STM32F103C6_DRIVERS/ADC/help_func.o
LOAD STM32F103C6_DRIVERS/EXTI/EXTI_DRIVER.o
LOAD STM32F103C6_DRIVERS/GPIO/GPIO_DRIVER.o
LOAD STM32F103C6_DRIVERS/I2C/I2C_DRIVER.o
LOAD STM32F103C6_DRIVERS/RCC ( DEMO )/RCC_DRIVER.o
LOAD STM32F103C6_DRIVERS/SPI/SPI_DRIVER.o
LOAD STM32F103C6_DRIVERS/USART/USART_DRIVER.o
LOAD Src/main.o
LOAD Src/syscalls.o
LOAD Src/sysmem.o
LOAD Startup/startup_stm32f103c6tx.o
START GROUP
LOAD c:/st/stm32cubeide_1.4.0/stm32cubeide/plugins/com.st.stm32cube.ide.mcu.externaltools.gnu-tools-for-stm32.7-2018-q2-update.win32_1.4.0.202007081208/tools/bin/../lib/gcc/arm-none-eabi/7.3.1/../../../../arm-none-eabi/lib/thumb/v7-m\libc_nano.a
LOAD c:/st/stm32cubeide_1.4.0/stm32cubeide/plugins/com.st.stm32cube.ide.mcu.externaltools.gnu-tools-for-stm32.7-2018-q2-update.win32_1.4.0.202007081208/tools/bin/../lib/gcc/arm-none-eabi/7.3.1/../../../../arm-none-eabi/lib/thumb/v7-m\libm.a
END GROUP
START GROUP
LOAD c:/st/stm32cubeide_1.4.0/stm32cubeide/plugins/com.st.stm32cube.ide.mcu.externaltools.gnu-tools-for-stm32.7-2018-q2-update.win32_1.4.0.202007081208/tools/bin/../lib/gcc/arm-none-eabi/7.3.1/thumb/v7-m\libgcc.a
LOAD c:/st/stm32cubeide_1.4.0/stm32cubeide/plugins/com.st.stm32cube.ide.mcu.externaltools.gnu-tools-for-stm32.7-2018-q2-update.win32_1.4.0.202007081208/tools/bin/../lib/gcc/arm-none-eabi/7.3.1/../../../../arm-none-eabi/lib/thumb/v7-m\libc_nano.a
END GROUP
START GROUP
LOAD c:/st/stm32cubeide_1.4.0/stm32cubeide/plugins/com.st.stm32cube.ide.mcu.externaltools.gnu-tools-for-stm32.7-2018-q2-update.win32_1.4.0.202007081208/tools/bin/../lib/gcc/arm-none-eabi/7.3.1/thumb/v7-m\libgcc.a
LOAD c:/st/stm32cubeide_1.4.0/stm32cubeide/plugins/com.st.stm32cube.ide.mcu.externaltools.gnu-tools-for-stm32.7-2018-q2-update.win32_1.4.0.202007081208/tools/bin/../lib/gcc/arm-none-eabi/7.3.1/../../../../arm-none-eabi/lib/thumb/v7-m\libc_nano.a
LOAD c:/st/stm32cubeide_1.4.0/stm32cubeide/plugins/com.st.stm32cube.ide.mcu.externaltools.gnu-tools-for-stm32.7-2018-q2-update.win32_1.4.0.202007081208/tools/bin/../lib/gcc/arm-none-eabi/7.3.1/../../../../arm-none-eabi/lib/thumb/v7-m\libnosys.a
END GROUP
START GROUP
LOAD c:/st/stm32cubeide_1.4.0/stm32cubeide/plugins/com.st.stm32cube.ide.mcu.externaltools.gnu-tools-for-stm32.7-2018-q2-update.win32_1.4.0.202007081208/tools/bin/../lib/gcc/arm-none-eabi/7.3.1/thumb/v7-m\libgcc.a
LOAD c:/st/stm32cubeide_1.4.0/stm32cubeide/plugins/com.st.stm32cube.ide.mcu.externaltools.gnu-tools-for-stm32.7-2018-q2-update.win32_1.4.0.202007081208/tools/bin/../lib/gcc/arm-none-eabi/7.3.1/../../../../arm-none-eabi/lib/thumb/v7-m\libc_nano.a
LOAD c:/st/stm32cubeide_1.4.0/stm32cubeide/plugins/com.st.stm32cube.ide.mcu.externaltools.gnu-tools-for-stm32.7-2018-q2-update.win32_1.4.0.202007081208/tools/bin/../lib/gcc/arm-none-eabi/7.3.1/../../../../arm-none-eabi/lib/thumb/v7-m\libnosys.a
END GROUP
LOAD c:/st/stm32cubeide_1.4.0/stm32cubeide/plugins/com.st.stm32cube.ide.mcu.externaltools.gnu-tools-for-stm32.7-2018-q2-update.win32_1.4.0.202007081208/tools/bin/../lib/gcc/arm-none-eabi/7.3.1/thumb/v7-m/crtend.o
LOAD c:/st/stm32cubeide_1.4.0/stm32cubeide/plugins/com.st.stm32cube.ide.mcu.externaltools.gnu-tools-for-stm32.7-2018-q2-update.win32_1.4.0.202007081208/tools/bin/../lib/gcc/arm-none-eabi/7.3.1/thumb/v7-m/crtn.o
                0x0000000020005000                _estack = (ORIGIN (RAM) + LENGTH (RAM))
                0x0000000000000200                _Min_Heap_Size = 0x200
                0x0000000000000400                _Min_Stack_Size = 0x400

.isr_vector     0x0000000008000000      0x130
                0x0000000008000000                . = ALIGN (0x4)
 *(.isr_vector)
 .isr_vector    0x0000000008000000      0x130 Startup/startup_stm32f103c6tx.o
                0x0000000008000000                g_pfnVectors
                0x0000000008000130                . = ALIGN (0x4)

.text           0x0000000008000130     0x8ed8
                0x0000000008000130                . = ALIGN (0x4)
 *(.text)
 .text          0x0000000008000130       0x40 c:/st/stm32cubeide_1.4.0/stm32cubeide/plugins/com.st.stm32cube.ide.mcu.externaltools.gnu-tools-for-stm32.7-2018-q2-update.win32_1.4.0.202007081208/tools/bin/../lib/gcc/arm-none-eabi/7.3.1/thumb/v7-m/crtbegin.o
 .text          0x0000000008000170       0x14 c:/st/stm32cubeide_1.4.0/stm32cubeide/plugins/com.st.stm32cube.ide.mcu.externaltools.gnu-tools-for-stm32.7-2018-q2-update.win32_1.4.0.202007081208/tools/bin/../lib/gcc/arm-none-eabi/7.3.1/../../../../arm-none-eabi/lib/thumb/v7-m\libc_nano.a(lib_a-strcmp.o)
                0x0000000008000170                strcmp
 .text          0x0000000008000184       0x10 c:/st/stm32cubeide_1.4.0/stm32cubeide/plugins/com.st.stm32cube.ide.mcu.externaltools.gnu-tools-for-stm32.7-2018-q2-update.win32_1.4.0.202007081208/tools/bin/../lib/gcc/arm-none-eabi/7.3.1/../../../../arm-none-eabi/lib/thumb/v7-m\libc_nano.a(lib_a-strlen.o)
                0x0000000008000184                strlen
 .text          0x0000000008000194      0x378 c:/st/stm32cubeide_1.4.0/stm32cubeide/plugins/com.st.stm32cube.ide.mcu.externaltools.gnu-tools-for-stm32.7-2018-q2-update.win32_1.4.0.202007081208/tools/bin/../lib/gcc/arm-none-eabi/7.3.1/thumb/v7-m\libgcc.a(_arm_addsubdf3.o)
                0x0000000008000194                __aeabi_drsub
                0x000000000800019c                __aeabi_dsub
                0x000000000800019c                __subdf3
                0x00000000080001a0                __aeabi_dadd
                0x00000000080001a0                __adddf3
                0x0000000008000418                __floatunsidf
                0x0000000008000418                __aeabi_ui2d
                0x0000000008000438                __floatsidf
                0x0000000008000438                __aeabi_i2d
                0x000000000800045c                __aeabi_f2d
                0x000000000800045c                __extendsfdf2
                0x00000000080004a0                __floatundidf
                0x00000000080004a0                __aeabi_ul2d
                0x00000000080004b0                __floatdidf
                0x00000000080004b0                __aeabi_l2d
 .text          0x000000000800050c      0x424 c:/st/stm32cubeide_1.4.0/stm32cubeide/plugins/com.st.stm32cube.ide.mcu.externaltools.gnu-tools-for-stm32.7-2018-q2-update.win32_1.4.0.202007081208/tools/bin/../lib/gcc/arm-none-eabi/7.3.1/thumb/v7-m\libgcc.a(_arm_muldivdf3.o)
                0x000000000800050c                __aeabi_dmul
                0x000000000800050c                __muldf3
                0x0000000008000760                __divdf3
                0x0000000008000760                __aeabi_ddiv
 .text          0x0000000008000930      0x110 c:/st/stm32cubeide_1.4.0/stm32cubeide/plugins/com.st.stm32cube.ide.mcu.externaltools.gnu-tools-for-stm32.7-2018-q2-update.win32_1.4.0.202007081208/tools/bin/../lib/gcc/arm-none-eabi/7.3.1/thumb/v7-m\libgcc.a(_arm_cmpdf2.o)
                0x0000000008000930                __gtdf2
                0x0000000008000930                __gedf2
                0x0000000008000938                __ltdf2
                0x0000000008000938                __ledf2
                0x0000000008000940                __nedf2
                0x0000000008000940                __eqdf2
                0x0000000008000940                __cmpdf2
                0x00000000080009bc                __aeabi_cdrcmple
                0x00000000080009cc                __aeabi_cdcmpeq
                0x00000000080009cc                __aeabi_cdcmple
                0x00000000080009dc                __aeabi_dcmpeq
                0x00000000080009f0                __aeabi_dcmplt
                0x0000000008000a04                __aeabi_dcmple
                0x0000000008000a18                __aeabi_dcmpge
                0x0000000008000a2c                __aeabi_dcmpgt
 .text          0x0000000008000a40       0x2c c:/st/stm32cubeide_1.4.0/stm32cubeide/plugins/com.st.stm32cube.ide.mcu.externaltools.gnu-tools-for-stm32.7-2018-q2-update.win32_1.4.0.202007081208/tools/bin/../lib/gcc/arm-none-eabi/7.3.1/thumb/v7-m\libgcc.a(_arm_unorddf2.o)
                0x0000000008000a40                __unorddf2
                0x0000000008000a40                __aeabi_dcmpun
 .text          0x0000000008000a6c       0x50 c:/st/stm32cubeide_1.4.0/stm32cubeide/plugins/com.st.stm32cube.ide.mcu.externaltools.gnu-tools-for-stm32.7-2018-q2-update.win32_1.4.0.202007081208/tools/bin/../lib/gcc/arm-none-eabi/7.3.1/thumb/v7-m\libgcc.a(_arm_fixdfsi.o)
                0x0000000008000a6c                __aeabi_d2iz
                0x0000000008000a6c                __fixdfsi
 .text          0x0000000008000abc       0x40 c:/st/stm32cubeide_1.4.0/stm32cubeide/plugins/com.st.stm32cube.ide.mcu.externaltools.gnu-tools-for-stm32.7-2018-q2-update.win32_1.4.0.202007081208/tools/bin/../lib/gcc/arm-none-eabi/7.3.1/thumb/v7-m\libgcc.a(_arm_fixunsdfsi.o)
                0x0000000008000abc                __aeabi_d2uiz
                0x0000000008000abc                __fixunsdfsi
 .text          0x0000000008000afc      0x21c c:/st/stm32cubeide_1.4.0/stm32cubeide/plugins/com.st.stm32cube.ide.mcu.externaltools.gnu-tools-for-stm32.7-2018-q2-update.win32_1.4.0.202007081208/tools/bin/../lib/gcc/arm-none-eabi/7.3.1/thumb/v7-m\libgcc.a(_arm_addsubsf3.o)
                0x0000000008000afc                __aeabi_frsub
                0x0000000008000b04                __subsf3
                0x0000000008000b04                __aeabi_fsub
                0x0000000008000b08                __aeabi_fadd
                0x0000000008000b08                __addsf3
                0x0000000008000c68                __aeabi_ui2f
                0x0000000008000c68                __floatunsisf
                0x0000000008000c70                __aeabi_i2f
                0x0000000008000c70                __floatsisf
                0x0000000008000c8c                __aeabi_ul2f
                0x0000000008000c8c                __floatundisf
                0x0000000008000c9c                __aeabi_l2f
                0x0000000008000c9c                __floatdisf
 .text          0x0000000008000d18      0x2a0 c:/st/stm32cubeide_1.4.0/stm32cubeide/plugins/com.st.stm32cube.ide.mcu.externaltools.gnu-tools-for-stm32.7-2018-q2-update.win32_1.4.0.202007081208/tools/bin/../lib/gcc/arm-none-eabi/7.3.1/thumb/v7-m\libgcc.a(_arm_muldivsf3.o)
                0x0000000008000d18                __mulsf3
                0x0000000008000d18                __aeabi_fmul
                0x0000000008000e80                __aeabi_fdiv
                0x0000000008000e80                __divsf3
 .text          0x0000000008000fb8       0x4c c:/st/stm32cubeide_1.4.0/stm32cubeide/plugins/com.st.stm32cube.ide.mcu.externaltools.gnu-tools-for-stm32.7-2018-q2-update.win32_1.4.0.202007081208/tools/bin/../lib/gcc/arm-none-eabi/7.3.1/thumb/v7-m\libgcc.a(_arm_fixsfsi.o)
                0x0000000008000fb8                __aeabi_f2iz
                0x0000000008000fb8                __fixsfsi
 *(.text*)
 .text.vListInitialise
                0x0000000008001004       0x3e FREE_RTOS/list.o
                0x0000000008001004                vListInitialise
 .text.vListInitialiseItem
                0x0000000008001042       0x18 FREE_RTOS/list.o
                0x0000000008001042                vListInitialiseItem
 .text.vListInsert
                0x000000000800105a       0x70 FREE_RTOS/list.o
                0x000000000800105a                vListInsert
 .text.uxListRemove
                0x00000000080010ca       0x52 FREE_RTOS/list.o
                0x00000000080010ca                uxListRemove
 .text.xQueueGenericReset
                0x000000000800111c       0xf4 FREE_RTOS/queue.o
                0x000000000800111c                xQueueGenericReset
 .text.xQueueGenericCreate
                0x0000000008001210       0x8a FREE_RTOS/queue.o
                0x0000000008001210                xQueueGenericCreate
 .text.prvInitialiseNewQueue
                0x000000000800129a       0x3e FREE_RTOS/queue.o
 .text.xQueueGenericSend
                0x00000000080012d8      0x154 FREE_RTOS/queue.o
                0x00000000080012d8                xQueueGenericSend
 .text.xQueueGiveFromISR
                0x000000000800142c       0xa6 FREE_RTOS/queue.o
                0x000000000800142c                xQueueGiveFromISR
 *fill*         0x00000000080014d2        0x2 
 .text.xQueueReceive
                0x00000000080014d4      0x144 FREE_RTOS/queue.o
                0x00000000080014d4                xQueueReceive
 .text.xQueueSemaphoreTake
                0x0000000008001618      0x13c FREE_RTOS/queue.o
                0x0000000008001618                xQueueSemaphoreTake
 .text.prvCopyDataToQueue
                0x0000000008001754       0xb8 FREE_RTOS/queue.o
 .text.prvCopyDataFromQueue
                0x000000000800180c       0x4c FREE_RTOS/queue.o
 .text.prvUnlockQueue
                0x0000000008001858       0xa4 FREE_RTOS/queue.o
 .text.prvIsQueueEmpty
                0x00000000080018fc       0x2c FREE_RTOS/queue.o
 .text.prvIsQueueFull
                0x0000000008001928       0x30 FREE_RTOS/queue.o
 .text.xTaskCreate
                0x0000000008001958       0x82 FREE_RTOS/tasks.o
                0x0000000008001958                xTaskCreate
 .text.prvInitialiseNewTask
                0x00000000080019da       0xf0 FREE_RTOS/tasks.o
 *fill*         0x0000000008001aca        0x2 
 .text.prvAddNewTaskToReadyList
                0x0000000008001acc      0x124 FREE_RTOS/tasks.o
 .text.vTaskDelay
                0x0000000008001bf0       0x48 FREE_RTOS/tasks.o
                0x0000000008001bf0                vTaskDelay
 .text.vTaskStartScheduler
                0x0000000008001c38       0x74 FREE_RTOS/tasks.o
                0x0000000008001c38                vTaskStartScheduler
 .text.vTaskSuspendAll
                0x0000000008001cac       0x1c FREE_RTOS/tasks.o
                0x0000000008001cac                vTaskSuspendAll
 .text.xTaskResumeAll
                0x0000000008001cc8      0x1d8 FREE_RTOS/tasks.o
                0x0000000008001cc8                xTaskResumeAll
 .text.xTaskIncrementTick
                0x0000000008001ea0      0x20c FREE_RTOS/tasks.o
                0x0000000008001ea0                xTaskIncrementTick
 .text.vTaskSwitchContext
                0x00000000080020ac       0x8c FREE_RTOS/tasks.o
                0x00000000080020ac                vTaskSwitchContext
 .text.vTaskPlaceOnEventList
                0x0000000008002138       0x2c FREE_RTOS/tasks.o
                0x0000000008002138                vTaskPlaceOnEventList
 .text.xTaskRemoveFromEventList
                0x0000000008002164      0x190 FREE_RTOS/tasks.o
                0x0000000008002164                xTaskRemoveFromEventList
 .text.vTaskInternalSetTimeOutState
                0x00000000080022f4       0x2c FREE_RTOS/tasks.o
                0x00000000080022f4                vTaskInternalSetTimeOutState
 .text.xTaskCheckForTimeOut
                0x0000000008002320       0x94 FREE_RTOS/tasks.o
                0x0000000008002320                xTaskCheckForTimeOut
 .text.vTaskMissedYield
                0x00000000080023b4       0x18 FREE_RTOS/tasks.o
                0x00000000080023b4                vTaskMissedYield
 .text.prvIdleTask
                0x00000000080023cc       0x30 FREE_RTOS/tasks.o
 .text.prvInitialiseTaskLists
                0x00000000080023fc       0x80 FREE_RTOS/tasks.o
 .text.prvCheckTasksWaitingTermination
                0x000000000800247c       0x58 FREE_RTOS/tasks.o
 .text.prvDeleteTCB
                0x00000000080024d4       0x20 FREE_RTOS/tasks.o
 .text.prvResetNextTaskUnblockTime
                0x00000000080024f4       0x34 FREE_RTOS/tasks.o
 .text.prvAddCurrentTaskToDelayedList
                0x0000000008002528      0x100 FREE_RTOS/tasks.o
 .text.pxPortInitialiseStack
                0x0000000008002628       0x58 FREE_RTOS/portable/GCC/ARM_CM3/port.o
                0x0000000008002628                pxPortInitialiseStack
 .text.prvTaskExitError
                0x0000000008002680       0x2e FREE_RTOS/portable/GCC/ARM_CM3/port.o
 *fill*         0x00000000080026ae        0x2 
 .text.SVC_Handler
                0x00000000080026b0       0x28 FREE_RTOS/portable/GCC/ARM_CM3/port.o
                0x00000000080026b0                SVC_Handler
 .text.prvPortStartFirstTask
                0x00000000080026d8       0x24 FREE_RTOS/portable/GCC/ARM_CM3/port.o
 .text.xPortStartScheduler
                0x00000000080026fc       0x40 FREE_RTOS/portable/GCC/ARM_CM3/port.o
                0x00000000080026fc                xPortStartScheduler
 .text.vPortEnterCritical
                0x000000000800273c       0x30 FREE_RTOS/portable/GCC/ARM_CM3/port.o
                0x000000000800273c                vPortEnterCritical
 .text.vPortExitCritical
                0x000000000800276c       0x30 FREE_RTOS/portable/GCC/ARM_CM3/port.o
                0x000000000800276c                vPortExitCritical
 *fill*         0x000000000800279c        0x4 
 .text.PendSV_Handler
                0x00000000080027a0       0x48 FREE_RTOS/portable/GCC/ARM_CM3/port.o
                0x00000000080027a0                PendSV_Handler
 .text.SysTick_Handler
                0x00000000080027e8       0x40 FREE_RTOS/portable/GCC/ARM_CM3/port.o
                0x00000000080027e8                SysTick_Handler
 .text.vPortSetupTimerInterrupt
                0x0000000008002828       0x34 FREE_RTOS/portable/GCC/ARM_CM3/port.o
                0x0000000008002828                vPortSetupTimerInterrupt
 .text.pvPortMalloc
                0x000000000800285c      0x15c FREE_RTOS/portable/MemMang/heap_4.o
                0x000000000800285c                pvPortMalloc
 .text.vPortFree
                0x00000000080029b8       0x80 FREE_RTOS/portable/MemMang/heap_4.o
                0x00000000080029b8                vPortFree
 .text.prvHeapInit
                0x0000000008002a38       0xc4 FREE_RTOS/portable/MemMang/heap_4.o
 .text.prvInsertBlockIntoFreeList
                0x0000000008002afc       0xb0 FREE_RTOS/portable/MemMang/heap_4.o
 .text.case_insensitive_strcmp
                0x0000000008002bac       0xe0 JSON/cJSON.o
 .text.cJSON_New_Item
                0x0000000008002c8c       0x2c JSON/cJSON.o
 .text.cJSON_Delete
                0x0000000008002cb8       0x9c JSON/cJSON.o
                0x0000000008002cb8                cJSON_Delete
 .text.get_decimal_point
                0x0000000008002d54        0xe JSON/cJSON.o
 *fill*         0x0000000008002d62        0x6 
 .text.parse_number
                0x0000000008002d68      0x25c JSON/cJSON.o
 .text.parse_hex4
                0x0000000008002fc4       0xc2 JSON/cJSON.o
 *fill*         0x0000000008003086        0x2 
 .text.utf16_literal_to_utf8
                0x0000000008003088      0x1cc JSON/cJSON.o
 .text.parse_string
                0x0000000008003254      0x364 JSON/cJSON.o
 .text.buffer_skip_whitespace
                0x00000000080035b8       0x7e JSON/cJSON.o
 *fill*         0x0000000008003636        0x2 
 .text.skip_utf8_bom
                0x0000000008003638       0x68 JSON/cJSON.o
 .text.cJSON_ParseWithOpts
                0x00000000080036a0       0x38 JSON/cJSON.o
                0x00000000080036a0                cJSON_ParseWithOpts
 .text.cJSON_ParseWithLengthOpts
                0x00000000080036d8      0x130 JSON/cJSON.o
                0x00000000080036d8                cJSON_ParseWithLengthOpts
 .text.cJSON_Parse
                0x0000000008003808       0x1c JSON/cJSON.o
                0x0000000008003808                cJSON_Parse
 .text.parse_value
                0x0000000008003824      0x1d8 JSON/cJSON.o
 .text.parse_array
                0x00000000080039fc      0x188 JSON/cJSON.o
 .text.parse_object
                0x0000000008003b84      0x20a JSON/cJSON.o
 .text.get_object_item
                0x0000000008003d8e       0x90 JSON/cJSON.o
 .text.cJSON_GetObjectItemCaseSensitive
                0x0000000008003e1e       0x1e JSON/cJSON.o
                0x0000000008003e1e                cJSON_GetObjectItemCaseSensitive
 .text.cJSON_IsNumber
                0x0000000008003e3c       0x2c JSON/cJSON.o
                0x0000000008003e3c                cJSON_IsNumber
 .text.cJSON_IsString
                0x0000000008003e68       0x2c JSON/cJSON.o
                0x0000000008003e68                cJSON_IsString
 .text.adc_init
                0x0000000008003e94      0x148 STM32F103C6_DRIVERS/ADC/ADC.o
                0x0000000008003e94                adc_init
 .text.adc_Deinit
                0x0000000008003fdc       0x74 STM32F103C6_DRIVERS/ADC/ADC.o
                0x0000000008003fdc                adc_Deinit
 .text.adc_check
                0x0000000008004050       0x28 STM32F103C6_DRIVERS/ADC/ADC.o
                0x0000000008004050                adc_check
 .text.adc_rx   0x0000000008004078       0x22 STM32F103C6_DRIVERS/ADC/ADC.o
                0x0000000008004078                adc_rx
 *fill*         0x000000000800409a        0x2 
 .text.EXTI0_IRQHandler
                0x000000000800409c       0x24 STM32F103C6_DRIVERS/EXTI/EXTI_DRIVER.o
                0x000000000800409c                EXTI0_IRQHandler
 .text.EXTI1_IRQHandler
                0x00000000080040c0       0x24 STM32F103C6_DRIVERS/EXTI/EXTI_DRIVER.o
                0x00000000080040c0                EXTI1_IRQHandler
 .text.EXTI2_IRQHandler
                0x00000000080040e4       0x24 STM32F103C6_DRIVERS/EXTI/EXTI_DRIVER.o
                0x00000000080040e4                EXTI2_IRQHandler
 .text.EXTI3_IRQHandler
                0x0000000008004108       0x24 STM32F103C6_DRIVERS/EXTI/EXTI_DRIVER.o
                0x0000000008004108                EXTI3_IRQHandler
 .text.EXTI4_IRQHandler
                0x000000000800412c       0x24 STM32F103C6_DRIVERS/EXTI/EXTI_DRIVER.o
                0x000000000800412c                EXTI4_IRQHandler
 .text.EXTI9_5_IRQHandler
                0x0000000008004150       0xa8 STM32F103C6_DRIVERS/EXTI/EXTI_DRIVER.o
                0x0000000008004150                EXTI9_5_IRQHandler
 .text.EXTI15_10_IRQHandler
                0x00000000080041f8       0xd0 STM32F103C6_DRIVERS/EXTI/EXTI_DRIVER.o
                0x00000000080041f8                EXTI15_10_IRQHandler
 .text.get_CRLH_position
                0x00000000080042c8       0xa0 STM32F103C6_DRIVERS/GPIO/GPIO_DRIVER.o
                0x00000000080042c8                get_CRLH_position
 .text.MCAL_GPIO_Init
                0x0000000008004368      0x150 STM32F103C6_DRIVERS/GPIO/GPIO_DRIVER.o
                0x0000000008004368                MCAL_GPIO_Init
 .text.MCAL_GPIO_DeInit
                0x00000000080044b8       0x70 STM32F103C6_DRIVERS/GPIO/GPIO_DRIVER.o
                0x00000000080044b8                MCAL_GPIO_DeInit
 .text.MCAL_GPIO_WritePin
                0x0000000008004528       0x3c STM32F103C6_DRIVERS/GPIO/GPIO_DRIVER.o
                0x0000000008004528                MCAL_GPIO_WritePin
 .text.I2C1_ER_IRQHandler
                0x0000000008004564        0xc STM32F103C6_DRIVERS/I2C/I2C_DRIVER.o
                0x0000000008004564                I2C1_ER_IRQHandler
 .text.I2C1_EV_IRQHandler
                0x0000000008004570        0xc STM32F103C6_DRIVERS/I2C/I2C_DRIVER.o
                0x0000000008004570                I2C1_EV_IRQHandler
 .text.I2C2_ER_IRQHandler
                0x000000000800457c        0xc STM32F103C6_DRIVERS/I2C/I2C_DRIVER.o
                0x000000000800457c                I2C2_ER_IRQHandler
 .text.I2C2_EV_IRQHandler
                0x0000000008004588        0xc STM32F103C6_DRIVERS/I2C/I2C_DRIVER.o
                0x0000000008004588                I2C2_EV_IRQHandler
 .text.RCC_Get_SYSCLK
                0x0000000008004594       0x44 STM32F103C6_DRIVERS/RCC ( DEMO )/RCC_DRIVER.o
                0x0000000008004594                RCC_Get_SYSCLK
 .text.RCC_Get_HCLK
                0x00000000080045d8       0x28 STM32F103C6_DRIVERS/RCC ( DEMO )/RCC_DRIVER.o
                0x00000000080045d8                RCC_Get_HCLK
 .text.RCC_Get_PCLK2
                0x0000000008004600       0x28 STM32F103C6_DRIVERS/RCC ( DEMO )/RCC_DRIVER.o
                0x0000000008004600                RCC_Get_PCLK2
 .text.SPI1_IRQHandler
                0x0000000008004628       0x48 STM32F103C6_DRIVERS/SPI/SPI_DRIVER.o
                0x0000000008004628                SPI1_IRQHandler
 .text.SPI2_IRQHandler
                0x0000000008004670       0x48 STM32F103C6_DRIVERS/SPI/SPI_DRIVER.o
                0x0000000008004670                SPI2_IRQHandler
 .text.MCAL_USART_Init
                0x00000000080046b8      0x220 STM32F103C6_DRIVERS/USART/USART_DRIVER.o
                0x00000000080046b8                MCAL_USART_Init
 .text.Which_UART
                0x00000000080048d8       0x44 STM32F103C6_DRIVERS/USART/USART_DRIVER.o
 .text.MCAL_USART_SendChar
                0x000000000800491c       0x64 STM32F103C6_DRIVERS/USART/USART_DRIVER.o
                0x000000000800491c                MCAL_USART_SendChar
 .text.MCAL_USART_ReceiveChar
                0x0000000008004980       0x9c STM32F103C6_DRIVERS/USART/USART_DRIVER.o
                0x0000000008004980                MCAL_USART_ReceiveChar
 .text.MCAL_USART_GPIO_Pins_Config
                0x0000000008004a1c       0xc4 STM32F103C6_DRIVERS/USART/USART_DRIVER.o
                0x0000000008004a1c                MCAL_USART_GPIO_Pins_Config
 .text.USART1_IRQHandler
                0x0000000008004ae0       0x60 STM32F103C6_DRIVERS/USART/USART_DRIVER.o
                0x0000000008004ae0                USART1_IRQHandler
 .text.USART2_IRQHandler
                0x0000000008004b40       0x60 STM32F103C6_DRIVERS/USART/USART_DRIVER.o
                0x0000000008004b40                USART2_IRQHandler
 .text.main     0x0000000008004ba0      0x14c Src/main.o
                0x0000000008004ba0                main
 .text.Usart_callback
                0x0000000008004cec       0x9c Src/main.o
                0x0000000008004cec                Usart_callback
 .text.UART_Init
                0x0000000008004d88       0x6c Src/main.o
                0x0000000008004d88                UART_Init
 .text.RELAY_Init
                0x0000000008004df4       0x6c Src/main.o
                0x0000000008004df4                RELAY_Init
 .text.RELAY_DeInit
                0x0000000008004e60       0x58 Src/main.o
                0x0000000008004e60                RELAY_DeInit
 .text.sensorTask
                0x0000000008004eb8      0x14c Src/main.o
                0x0000000008004eb8                sensorTask
 .text.lightsensorTask
                0x0000000008005004       0xdc Src/main.o
                0x0000000008005004                lightsensorTask
 .text.uartTask
                0x00000000080050e0      0x55c Src/main.o
                0x00000000080050e0                uartTask
 .text.relayTask
                0x000000000800563c       0x5c Src/main.o
                0x000000000800563c                relayTask
 .text.JsonProcessingTask
                0x0000000008005698       0xdc Src/main.o
                0x0000000008005698                JsonProcessingTask
 .text._sbrk    0x0000000008005774       0x6c Src/sysmem.o
                0x0000000008005774                _sbrk
 .text.Reset_Handler
                0x00000000080057e0       0x50 Startup/startup_stm32f103c6tx.o
                0x00000000080057e0                Reset_Handler
 .text.Default_Handler
                0x0000000008005830        0x2 Startup/startup_stm32f103c6tx.o
                0x0000000008005830                TIM8_TRG_COM_IRQHandler
                0x0000000008005830                TIM8_CC_IRQHandler
                0x0000000008005830                DebugMon_Handler
                0x0000000008005830                TIM1_CC_IRQHandler
                0x0000000008005830                HardFault_Handler
                0x0000000008005830                TIM6_IRQHandler
                0x0000000008005830                PVD_IRQHandler
                0x0000000008005830                SDIO_IRQHandler
                0x0000000008005830                NMI_Handler
                0x0000000008005830                USB_HP_CAN_TX_IRQHandler
                0x0000000008005830                UsageFault_Handler
                0x0000000008005830                ADC1_2_IRQHandler
                0x0000000008005830                CAN_SCE_IRQHandler
                0x0000000008005830                TAMPER_IRQHandler
                0x0000000008005830                TIM8_UP_IRQHandler
                0x0000000008005830                DMA2_Channel2_IRQHandler
                0x0000000008005830                DMA1_Channel4_IRQHandler
                0x0000000008005830                USART3_IRQHandler
                0x0000000008005830                RTC_IRQHandler
                0x0000000008005830                DMA1_Channel7_IRQHandler
                0x0000000008005830                UART5_IRQHandler
                0x0000000008005830                ADC3_IRQHandler
                0x0000000008005830                TIM4_IRQHandler
                0x0000000008005830                CAN_RX1_IRQHandler
                0x0000000008005830                DMA2_Channel1_IRQHandler
                0x0000000008005830                DMA1_Channel6_IRQHandler
                0x0000000008005830                UART4_IRQHandler
                0x0000000008005830                TIM3_IRQHandler
                0x0000000008005830                RCC_IRQHandler
                0x0000000008005830                TIM1_TRG_COM_IRQHandler
                0x0000000008005830                DMA1_Channel1_IRQHandler
                0x0000000008005830                Default_Handler
                0x0000000008005830                TIM7_IRQHandler
                0x0000000008005830                TIM5_IRQHandler
                0x0000000008005830                USB_LP_CAN_RX0_IRQHandler
                0x0000000008005830                MemManage_Handler
                0x0000000008005830                DMA1_Channel5_IRQHandler
                0x0000000008005830                DMA1_Channel3_IRQHandler
                0x0000000008005830                FSMC_IRQHandler
                0x0000000008005830                TIM1_UP_IRQHandler
                0x0000000008005830                WWDG_IRQHandler
                0x0000000008005830                TIM2_IRQHandler
                0x0000000008005830                TIM1_BRK_IRQHandler
                0x0000000008005830                RTCAlarm_IRQHandler
                0x0000000008005830                DMA2_Channel4_5_IRQHandler
                0x0000000008005830                DMA1_Channel2_IRQHandler
                0x0000000008005830                TIM8_BRK_IRQHandler
                0x0000000008005830                FLASH_IRQHandler
                0x0000000008005830                BusFault_Handler
                0x0000000008005830                SPI3_IRQHandler
                0x0000000008005830                DMA2_Channel3_IRQHandler
 .text.atoi     0x0000000008005832        0x8 c:/st/stm32cubeide_1.4.0/stm32cubeide/plugins/com.st.stm32cube.ide.mcu.externaltools.gnu-tools-for-stm32.7-2018-q2-update.win32_1.4.0.202007081208/tools/bin/../lib/gcc/arm-none-eabi/7.3.1/../../../../arm-none-eabi/lib/thumb/v7-m\libc_nano.a(lib_a-atoi.o)
                0x0000000008005832                atoi
 *fill*         0x000000000800583a        0x2 
 .text.__errno  0x000000000800583c        0xc c:/st/stm32cubeide_1.4.0/stm32cubeide/plugins/com.st.stm32cube.ide.mcu.externaltools.gnu-tools-for-stm32.7-2018-q2-update.win32_1.4.0.202007081208/tools/bin/../lib/gcc/arm-none-eabi/7.3.1/../../../../arm-none-eabi/lib/thumb/v7-m\libc_nano.a(lib_a-errno.o)
                0x000000000800583c                __errno
 .text.__libc_init_array
                0x0000000008005848       0x48 c:/st/stm32cubeide_1.4.0/stm32cubeide/plugins/com.st.stm32cube.ide.mcu.externaltools.gnu-tools-for-stm32.7-2018-q2-update.win32_1.4.0.202007081208/tools/bin/../lib/gcc/arm-none-eabi/7.3.1/../../../../arm-none-eabi/lib/thumb/v7-m\libc_nano.a(lib_a-init.o)
                0x0000000008005848                __libc_init_array
 .text.__locale_ctype_ptr_l
                0x0000000008005890        0x6 c:/st/stm32cubeide_1.4.0/stm32cubeide/plugins/com.st.stm32cube.ide.mcu.externaltools.gnu-tools-for-stm32.7-2018-q2-update.win32_1.4.0.202007081208/tools/bin/../lib/gcc/arm-none-eabi/7.3.1/../../../../arm-none-eabi/lib/thumb/v7-m\libc_nano.a(lib_a-locale.o)
                0x0000000008005890                __locale_ctype_ptr_l
 *fill*         0x0000000008005896        0x2 
 .text.__locale_ctype_ptr
                0x0000000008005898       0x1c c:/st/stm32cubeide_1.4.0/stm32cubeide/plugins/com.st.stm32cube.ide.mcu.externaltools.gnu-tools-for-stm32.7-2018-q2-update.win32_1.4.0.202007081208/tools/bin/../lib/gcc/arm-none-eabi/7.3.1/../../../../arm-none-eabi/lib/thumb/v7-m\libc_nano.a(lib_a-locale.o)
                0x0000000008005898                __locale_ctype_ptr
 .text.malloc   0x00000000080058b4       0x10 c:/st/stm32cubeide_1.4.0/stm32cubeide/plugins/com.st.stm32cube.ide.mcu.externaltools.gnu-tools-for-stm32.7-2018-q2-update.win32_1.4.0.202007081208/tools/bin/../lib/gcc/arm-none-eabi/7.3.1/../../../../arm-none-eabi/lib/thumb/v7-m\libc_nano.a(lib_a-malloc.o)
                0x00000000080058b4                malloc
 .text.free     0x00000000080058c4       0x10 c:/st/stm32cubeide_1.4.0/stm32cubeide/plugins/com.st.stm32cube.ide.mcu.externaltools.gnu-tools-for-stm32.7-2018-q2-update.win32_1.4.0.202007081208/tools/bin/../lib/gcc/arm-none-eabi/7.3.1/../../../../arm-none-eabi/lib/thumb/v7-m\libc_nano.a(lib_a-malloc.o)
                0x00000000080058c4                free
 .text.__ascii_mbtowc
                0x00000000080058d4       0x24 c:/st/stm32cubeide_1.4.0/stm32cubeide/plugins/com.st.stm32cube.ide.mcu.externaltools.gnu-tools-for-stm32.7-2018-q2-update.win32_1.4.0.202007081208/tools/bin/../lib/gcc/arm-none-eabi/7.3.1/../../../../arm-none-eabi/lib/thumb/v7-m\libc_nano.a(lib_a-mbtowc_r.o)
                0x00000000080058d4                __ascii_mbtowc
 .text.memcpy   0x00000000080058f8       0x16 c:/st/stm32cubeide_1.4.0/stm32cubeide/plugins/com.st.stm32cube.ide.mcu.externaltools.gnu-tools-for-stm32.7-2018-q2-update.win32_1.4.0.202007081208/tools/bin/../lib/gcc/arm-none-eabi/7.3.1/../../../../arm-none-eabi/lib/thumb/v7-m\libc_nano.a(lib_a-memcpy-stub.o)
                0x00000000080058f8                memcpy
 .text.memset   0x000000000800590e       0x10 c:/st/stm32cubeide_1.4.0/stm32cubeide/plugins/com.st.stm32cube.ide.mcu.externaltools.gnu-tools-for-stm32.7-2018-q2-update.win32_1.4.0.202007081208/tools/bin/../lib/gcc/arm-none-eabi/7.3.1/../../../../arm-none-eabi/lib/thumb/v7-m\libc_nano.a(lib_a-memset.o)
                0x000000000800590e                memset
 *fill*         0x000000000800591e        0x2 
 .text._free_r  0x0000000008005920       0x98 c:/st/stm32cubeide_1.4.0/stm32cubeide/plugins/com.st.stm32cube.ide.mcu.externaltools.gnu-tools-for-stm32.7-2018-q2-update.win32_1.4.0.202007081208/tools/bin/../lib/gcc/arm-none-eabi/7.3.1/../../../../arm-none-eabi/lib/thumb/v7-m\libc_nano.a(lib_a-nano-freer.o)
                0x0000000008005920                _free_r
 .text._malloc_r
                0x00000000080059b8       0xb4 c:/st/stm32cubeide_1.4.0/stm32cubeide/plugins/com.st.stm32cube.ide.mcu.externaltools.gnu-tools-for-stm32.7-2018-q2-update.win32_1.4.0.202007081208/tools/bin/../lib/gcc/arm-none-eabi/7.3.1/../../../../arm-none-eabi/lib/thumb/v7-m\libc_nano.a(lib_a-nano-mallocr.o)
                0x00000000080059b8                _malloc_r
 .text.__cvt    0x0000000008005a6c       0xb8 c:/st/stm32cubeide_1.4.0/stm32cubeide/plugins/com.st.stm32cube.ide.mcu.externaltools.gnu-tools-for-stm32.7-2018-q2-update.win32_1.4.0.202007081208/tools/bin/../lib/gcc/arm-none-eabi/7.3.1/../../../../arm-none-eabi/lib/thumb/v7-m\libc_nano.a(lib_a-nano-vfprintf_float.o)
                0x0000000008005a6c                __cvt
 .text.__exponent
                0x0000000008005b24       0x6a c:/st/stm32cubeide_1.4.0/stm32cubeide/plugins/com.st.stm32cube.ide.mcu.externaltools.gnu-tools-for-stm32.7-2018-q2-update.win32_1.4.0.202007081208/tools/bin/../lib/gcc/arm-none-eabi/7.3.1/../../../../arm-none-eabi/lib/thumb/v7-m\libc_nano.a(lib_a-nano-vfprintf_float.o)
                0x0000000008005b24                __exponent
 *fill*         0x0000000008005b8e        0x2 
 .text._printf_float
                0x0000000008005b90      0x46c c:/st/stm32cubeide_1.4.0/stm32cubeide/plugins/com.st.stm32cube.ide.mcu.externaltools.gnu-tools-for-stm32.7-2018-q2-update.win32_1.4.0.202007081208/tools/bin/../lib/gcc/arm-none-eabi/7.3.1/../../../../arm-none-eabi/lib/thumb/v7-m\libc_nano.a(lib_a-nano-vfprintf_float.o)
                0x0000000008005b90                _printf_float
 .text._printf_common
                0x0000000008005ffc       0xec c:/st/stm32cubeide_1.4.0/stm32cubeide/plugins/com.st.stm32cube.ide.mcu.externaltools.gnu-tools-for-stm32.7-2018-q2-update.win32_1.4.0.202007081208/tools/bin/../lib/gcc/arm-none-eabi/7.3.1/../../../../arm-none-eabi/lib/thumb/v7-m\libc_nano.a(lib_a-nano-vfprintf_i.o)
                0x0000000008005ffc                _printf_common
 .text._printf_i
                0x00000000080060e8      0x224 c:/st/stm32cubeide_1.4.0/stm32cubeide/plugins/com.st.stm32cube.ide.mcu.externaltools.gnu-tools-for-stm32.7-2018-q2-update.win32_1.4.0.202007081208/tools/bin/../lib/gcc/arm-none-eabi/7.3.1/../../../../arm-none-eabi/lib/thumb/v7-m\libc_nano.a(lib_a-nano-vfprintf_i.o)
                0x00000000080060e8                _printf_i
 .text.realloc  0x000000000800630c       0x10 c:/st/stm32cubeide_1.4.0/stm32cubeide/plugins/com.st.stm32cube.ide.mcu.externaltools.gnu-tools-for-stm32.7-2018-q2-update.win32_1.4.0.202007081208/tools/bin/../lib/gcc/arm-none-eabi/7.3.1/../../../../arm-none-eabi/lib/thumb/v7-m\libc_nano.a(lib_a-realloc.o)
                0x000000000800630c                realloc
 .text._sbrk_r  0x000000000800631c       0x20 c:/st/stm32cubeide_1.4.0/stm32cubeide/plugins/com.st.stm32cube.ide.mcu.externaltools.gnu-tools-for-stm32.7-2018-q2-update.win32_1.4.0.202007081208/tools/bin/../lib/gcc/arm-none-eabi/7.3.1/../../../../arm-none-eabi/lib/thumb/v7-m\libc_nano.a(lib_a-sbrkr.o)
                0x000000000800631c                _sbrk_r
 .text.snprintf
                0x000000000800633c       0x68 c:/st/stm32cubeide_1.4.0/stm32cubeide/plugins/com.st.stm32cube.ide.mcu.externaltools.gnu-tools-for-stm32.7-2018-q2-update.win32_1.4.0.202007081208/tools/bin/../lib/gcc/arm-none-eabi/7.3.1/../../../../arm-none-eabi/lib/thumb/v7-m\libc_nano.a(lib_a-snprintf.o)
                0x000000000800633c                sniprintf
                0x000000000800633c                snprintf
 .text.strncmp  0x00000000080063a4       0x24 c:/st/stm32cubeide_1.4.0/stm32cubeide/plugins/com.st.stm32cube.ide.mcu.externaltools.gnu-tools-for-stm32.7-2018-q2-update.win32_1.4.0.202007081208/tools/bin/../lib/gcc/arm-none-eabi/7.3.1/../../../../arm-none-eabi/lib/thumb/v7-m\libc_nano.a(lib_a-strncmp.o)
                0x00000000080063a4                strncmp
 .text.strncpy  0x00000000080063c8       0x2a c:/st/stm32cubeide_1.4.0/stm32cubeide/plugins/com.st.stm32cube.ide.mcu.externaltools.gnu-tools-for-stm32.7-2018-q2-update.win32_1.4.0.202007081208/tools/bin/../lib/gcc/arm-none-eabi/7.3.1/../../../../arm-none-eabi/lib/thumb/v7-m\libc_nano.a(lib_a-strncpy.o)
                0x00000000080063c8                strncpy
 .text.unlikely.sulp
                0x00000000080063f2       0x42 c:/st/stm32cubeide_1.4.0/stm32cubeide/plugins/com.st.stm32cube.ide.mcu.externaltools.gnu-tools-for-stm32.7-2018-q2-update.win32_1.4.0.202007081208/tools/bin/../lib/gcc/arm-none-eabi/7.3.1/../../../../arm-none-eabi/lib/thumb/v7-m\libc_nano.a(lib_a-strtod.o)
 *fill*         0x0000000008006434        0x4 
 .text._strtod_l
                0x0000000008006438      0xc00 c:/st/stm32cubeide_1.4.0/stm32cubeide/plugins/com.st.stm32cube.ide.mcu.externaltools.gnu-tools-for-stm32.7-2018-q2-update.win32_1.4.0.202007081208/tools/bin/../lib/gcc/arm-none-eabi/7.3.1/../../../../arm-none-eabi/lib/thumb/v7-m\libc_nano.a(lib_a-strtod.o)
                0x0000000008006438                _strtod_l
 .text.strtod   0x0000000008007038       0x24 c:/st/stm32cubeide_1.4.0/stm32cubeide/plugins/com.st.stm32cube.ide.mcu.externaltools.gnu-tools-for-stm32.7-2018-q2-update.win32_1.4.0.202007081208/tools/bin/../lib/gcc/arm-none-eabi/7.3.1/../../../../arm-none-eabi/lib/thumb/v7-m\libc_nano.a(lib_a-strtod.o)
                0x0000000008007038                strtod
 .text._strtol_l.isra.0
                0x000000000800705c       0xf6 c:/st/stm32cubeide_1.4.0/stm32cubeide/plugins/com.st.stm32cube.ide.mcu.externaltools.gnu-tools-for-stm32.7-2018-q2-update.win32_1.4.0.202007081208/tools/bin/../lib/gcc/arm-none-eabi/7.3.1/../../../../arm-none-eabi/lib/thumb/v7-m\libc_nano.a(lib_a-strtol.o)
 *fill*         0x0000000008007152        0x2 
 .text.strtol   0x0000000008007154       0x2c c:/st/stm32cubeide_1.4.0/stm32cubeide/plugins/com.st.stm32cube.ide.mcu.externaltools.gnu-tools-for-stm32.7-2018-q2-update.win32_1.4.0.202007081208/tools/bin/../lib/gcc/arm-none-eabi/7.3.1/../../../../arm-none-eabi/lib/thumb/v7-m\libc_nano.a(lib_a-strtol.o)
                0x0000000008007154                strtol
 .text.__ascii_wctomb
                0x0000000008007180       0x1a c:/st/stm32cubeide_1.4.0/stm32cubeide/plugins/com.st.stm32cube.ide.mcu.externaltools.gnu-tools-for-stm32.7-2018-q2-update.win32_1.4.0.202007081208/tools/bin/../lib/gcc/arm-none-eabi/7.3.1/../../../../arm-none-eabi/lib/thumb/v7-m\libc_nano.a(lib_a-wctomb_r.o)
                0x0000000008007180                __ascii_wctomb
 .text.quorem   0x000000000800719a      0x11c c:/st/stm32cubeide_1.4.0/stm32cubeide/plugins/com.st.stm32cube.ide.mcu.externaltools.gnu-tools-for-stm32.7-2018-q2-update.win32_1.4.0.202007081208/tools/bin/../lib/gcc/arm-none-eabi/7.3.1/../../../../arm-none-eabi/lib/thumb/v7-m\libc_nano.a(lib_a-dtoa.o)
 *fill*         0x00000000080072b6        0x2 
 .text._dtoa_r  0x00000000080072b8      0xb68 c:/st/stm32cubeide_1.4.0/stm32cubeide/plugins/com.st.stm32cube.ide.mcu.externaltools.gnu-tools-for-stm32.7-2018-q2-update.win32_1.4.0.202007081208/tools/bin/../lib/gcc/arm-none-eabi/7.3.1/../../../../arm-none-eabi/lib/thumb/v7-m\libc_nano.a(lib_a-dtoa.o)
                0x00000000080072b8                _dtoa_r
 .text.rshift   0x0000000008007e20       0x76 c:/st/stm32cubeide_1.4.0/stm32cubeide/plugins/com.st.stm32cube.ide.mcu.externaltools.gnu-tools-for-stm32.7-2018-q2-update.win32_1.4.0.202007081208/tools/bin/../lib/gcc/arm-none-eabi/7.3.1/../../../../arm-none-eabi/lib/thumb/v7-m\libc_nano.a(lib_a-gdtoa-gethex.o)
 .text.__hexdig_fun
                0x0000000008007e96       0x2a c:/st/stm32cubeide_1.4.0/stm32cubeide/plugins/com.st.stm32cube.ide.mcu.externaltools.gnu-tools-for-stm32.7-2018-q2-update.win32_1.4.0.202007081208/tools/bin/../lib/gcc/arm-none-eabi/7.3.1/../../../../arm-none-eabi/lib/thumb/v7-m\libc_nano.a(lib_a-gdtoa-gethex.o)
                0x0000000008007e96                __hexdig_fun
 .text.__gethex
                0x0000000008007ec0      0x444 c:/st/stm32cubeide_1.4.0/stm32cubeide/plugins/com.st.stm32cube.ide.mcu.externaltools.gnu-tools-for-stm32.7-2018-q2-update.win32_1.4.0.202007081208/tools/bin/../lib/gcc/arm-none-eabi/7.3.1/../../../../arm-none-eabi/lib/thumb/v7-m\libc_nano.a(lib_a-gdtoa-gethex.o)
                0x0000000008007ec0                __gethex
 .text.L_shift  0x0000000008008304       0x24 c:/st/stm32cubeide_1.4.0/stm32cubeide/plugins/com.st.stm32cube.ide.mcu.externaltools.gnu-tools-for-stm32.7-2018-q2-update.win32_1.4.0.202007081208/tools/bin/../lib/gcc/arm-none-eabi/7.3.1/../../../../arm-none-eabi/lib/thumb/v7-m\libc_nano.a(lib_a-gdtoa-hexnan.o)
 .text.__match  0x0000000008008328       0x28 c:/st/stm32cubeide_1.4.0/stm32cubeide/plugins/com.st.stm32cube.ide.mcu.externaltools.gnu-tools-for-stm32.7-2018-q2-update.win32_1.4.0.202007081208/tools/bin/../lib/gcc/arm-none-eabi/7.3.1/../../../../arm-none-eabi/lib/thumb/v7-m\libc_nano.a(lib_a-gdtoa-hexnan.o)
                0x0000000008008328                __match
 .text.__hexnan
                0x0000000008008350      0x120 c:/st/stm32cubeide_1.4.0/stm32cubeide/plugins/com.st.stm32cube.ide.mcu.externaltools.gnu-tools-for-stm32.7-2018-q2-update.win32_1.4.0.202007081208/tools/bin/../lib/gcc/arm-none-eabi/7.3.1/../../../../arm-none-eabi/lib/thumb/v7-m\libc_nano.a(lib_a-gdtoa-hexnan.o)
                0x0000000008008350                __hexnan
 .text.__localeconv_l
                0x0000000008008470        0x4 c:/st/stm32cubeide_1.4.0/stm32cubeide/plugins/com.st.stm32cube.ide.mcu.externaltools.gnu-tools-for-stm32.7-2018-q2-update.win32_1.4.0.202007081208/tools/bin/../lib/gcc/arm-none-eabi/7.3.1/../../../../arm-none-eabi/lib/thumb/v7-m\libc_nano.a(lib_a-localeconv.o)
                0x0000000008008470                __localeconv_l
 .text._localeconv_r
                0x0000000008008474       0x1c c:/st/stm32cubeide_1.4.0/stm32cubeide/plugins/com.st.stm32cube.ide.mcu.externaltools.gnu-tools-for-stm32.7-2018-q2-update.win32_1.4.0.202007081208/tools/bin/../lib/gcc/arm-none-eabi/7.3.1/../../../../arm-none-eabi/lib/thumb/v7-m\libc_nano.a(lib_a-localeconv.o)
                0x0000000008008474                _localeconv_r
 .text.memchr   0x0000000008008490       0x1c c:/st/stm32cubeide_1.4.0/stm32cubeide/plugins/com.st.stm32cube.ide.mcu.externaltools.gnu-tools-for-stm32.7-2018-q2-update.win32_1.4.0.202007081208/tools/bin/../lib/gcc/arm-none-eabi/7.3.1/../../../../arm-none-eabi/lib/thumb/v7-m\libc_nano.a(lib_a-memchr-stub.o)
                0x0000000008008490                memchr
 .text.__malloc_lock
                0x00000000080084ac        0x2 c:/st/stm32cubeide_1.4.0/stm32cubeide/plugins/com.st.stm32cube.ide.mcu.externaltools.gnu-tools-for-stm32.7-2018-q2-update.win32_1.4.0.202007081208/tools/bin/../lib/gcc/arm-none-eabi/7.3.1/../../../../arm-none-eabi/lib/thumb/v7-m\libc_nano.a(lib_a-mlock.o)
                0x00000000080084ac                __malloc_lock
 .text.__malloc_unlock
                0x00000000080084ae        0x2 c:/st/stm32cubeide_1.4.0/stm32cubeide/plugins/com.st.stm32cube.ide.mcu.externaltools.gnu-tools-for-stm32.7-2018-q2-update.win32_1.4.0.202007081208/tools/bin/../lib/gcc/arm-none-eabi/7.3.1/../../../../arm-none-eabi/lib/thumb/v7-m\libc_nano.a(lib_a-mlock.o)
                0x00000000080084ae                __malloc_unlock
 .text._Balloc  0x00000000080084b0       0x68 c:/st/stm32cubeide_1.4.0/stm32cubeide/plugins/com.st.stm32cube.ide.mcu.externaltools.gnu-tools-for-stm32.7-2018-q2-update.win32_1.4.0.202007081208/tools/bin/../lib/gcc/arm-none-eabi/7.3.1/../../../../arm-none-eabi/lib/thumb/v7-m\libc_nano.a(lib_a-mprec.o)
                0x00000000080084b0                _Balloc
 .text._Bfree   0x0000000008008518       0x2e c:/st/stm32cubeide_1.4.0/stm32cubeide/plugins/com.st.stm32cube.ide.mcu.externaltools.gnu-tools-for-stm32.7-2018-q2-update.win32_1.4.0.202007081208/tools/bin/../lib/gcc/arm-none-eabi/7.3.1/../../../../arm-none-eabi/lib/thumb/v7-m\libc_nano.a(lib_a-mprec.o)
                0x0000000008008518                _Bfree
 .text.__multadd
                0x0000000008008546       0x76 c:/st/stm32cubeide_1.4.0/stm32cubeide/plugins/com.st.stm32cube.ide.mcu.externaltools.gnu-tools-for-stm32.7-2018-q2-update.win32_1.4.0.202007081208/tools/bin/../lib/gcc/arm-none-eabi/7.3.1/../../../../arm-none-eabi/lib/thumb/v7-m\libc_nano.a(lib_a-mprec.o)
                0x0000000008008546                __multadd
 .text.__s2b    0x00000000080085bc       0x7c c:/st/stm32cubeide_1.4.0/stm32cubeide/plugins/com.st.stm32cube.ide.mcu.externaltools.gnu-tools-for-stm32.7-2018-q2-update.win32_1.4.0.202007081208/tools/bin/../lib/gcc/arm-none-eabi/7.3.1/../../../../arm-none-eabi/lib/thumb/v7-m\libc_nano.a(lib_a-mprec.o)
                0x00000000080085bc                __s2b
 .text.__hi0bits
                0x0000000008008638       0x3e c:/st/stm32cubeide_1.4.0/stm32cubeide/plugins/com.st.stm32cube.ide.mcu.externaltools.gnu-tools-for-stm32.7-2018-q2-update.win32_1.4.0.202007081208/tools/bin/../lib/gcc/arm-none-eabi/7.3.1/../../../../arm-none-eabi/lib/thumb/v7-m\libc_nano.a(lib_a-mprec.o)
                0x0000000008008638                __hi0bits
 .text.__lo0bits
                0x0000000008008676       0x5e c:/st/stm32cubeide_1.4.0/stm32cubeide/plugins/com.st.stm32cube.ide.mcu.externaltools.gnu-tools-for-stm32.7-2018-q2-update.win32_1.4.0.202007081208/tools/bin/../lib/gcc/arm-none-eabi/7.3.1/../../../../arm-none-eabi/lib/thumb/v7-m\libc_nano.a(lib_a-mprec.o)
                0x0000000008008676                __lo0bits
 .text.__i2b    0x00000000080086d4       0x12 c:/st/stm32cubeide_1.4.0/stm32cubeide/plugins/com.st.stm32cube.ide.mcu.externaltools.gnu-tools-for-stm32.7-2018-q2-update.win32_1.4.0.202007081208/tools/bin/../lib/gcc/arm-none-eabi/7.3.1/../../../../arm-none-eabi/lib/thumb/v7-m\libc_nano.a(lib_a-mprec.o)
                0x00000000080086d4                __i2b
 .text.__multiply
                0x00000000080086e6      0x12a c:/st/stm32cubeide_1.4.0/stm32cubeide/plugins/com.st.stm32cube.ide.mcu.externaltools.gnu-tools-for-stm32.7-2018-q2-update.win32_1.4.0.202007081208/tools/bin/../lib/gcc/arm-none-eabi/7.3.1/../../../../arm-none-eabi/lib/thumb/v7-m\libc_nano.a(lib_a-mprec.o)
                0x00000000080086e6                __multiply
 .text.__pow5mult
                0x0000000008008810       0x9c c:/st/stm32cubeide_1.4.0/stm32cubeide/plugins/com.st.stm32cube.ide.mcu.externaltools.gnu-tools-for-stm32.7-2018-q2-update.win32_1.4.0.202007081208/tools/bin/../lib/gcc/arm-none-eabi/7.3.1/../../../../arm-none-eabi/lib/thumb/v7-m\libc_nano.a(lib_a-mprec.o)
                0x0000000008008810                __pow5mult
 .text.__lshift
                0x00000000080088ac       0xa8 c:/st/stm32cubeide_1.4.0/stm32cubeide/plugins/com.st.stm32cube.ide.mcu.externaltools.gnu-tools-for-stm32.7-2018-q2-update.win32_1.4.0.202007081208/tools/bin/../lib/gcc/arm-none-eabi/7.3.1/../../../../arm-none-eabi/lib/thumb/v7-m\libc_nano.a(lib_a-mprec.o)
                0x00000000080088ac                __lshift
 .text.__mcmp   0x0000000008008954       0x34 c:/st/stm32cubeide_1.4.0/stm32cubeide/plugins/com.st.stm32cube.ide.mcu.externaltools.gnu-tools-for-stm32.7-2018-q2-update.win32_1.4.0.202007081208/tools/bin/../lib/gcc/arm-none-eabi/7.3.1/../../../../arm-none-eabi/lib/thumb/v7-m\libc_nano.a(lib_a-mprec.o)
                0x0000000008008954                __mcmp
 .text.__mdiff  0x0000000008008988       0xbc c:/st/stm32cubeide_1.4.0/stm32cubeide/plugins/com.st.stm32cube.ide.mcu.externaltools.gnu-tools-for-stm32.7-2018-q2-update.win32_1.4.0.202007081208/tools/bin/../lib/gcc/arm-none-eabi/7.3.1/../../../../arm-none-eabi/lib/thumb/v7-m\libc_nano.a(lib_a-mprec.o)
                0x0000000008008988                __mdiff
 .text.__ulp    0x0000000008008a44       0x48 c:/st/stm32cubeide_1.4.0/stm32cubeide/plugins/com.st.stm32cube.ide.mcu.externaltools.gnu-tools-for-stm32.7-2018-q2-update.win32_1.4.0.202007081208/tools/bin/../lib/gcc/arm-none-eabi/7.3.1/../../../../arm-none-eabi/lib/thumb/v7-m\libc_nano.a(lib_a-mprec.o)
                0x0000000008008a44                __ulp
 .text.__b2d    0x0000000008008a8c       0xa4 c:/st/stm32cubeide_1.4.0/stm32cubeide/plugins/com.st.stm32cube.ide.mcu.externaltools.gnu-tools-for-stm32.7-2018-q2-update.win32_1.4.0.202007081208/tools/bin/../lib/gcc/arm-none-eabi/7.3.1/../../../../arm-none-eabi/lib/thumb/v7-m\libc_nano.a(lib_a-mprec.o)
                0x0000000008008a8c                __b2d
 .text.__d2b    0x0000000008008b30       0x9e c:/st/stm32cubeide_1.4.0/stm32cubeide/plugins/com.st.stm32cube.ide.mcu.externaltools.gnu-tools-for-stm32.7-2018-q2-update.win32_1.4.0.202007081208/tools/bin/../lib/gcc/arm-none-eabi/7.3.1/../../../../arm-none-eabi/lib/thumb/v7-m\libc_nano.a(lib_a-mprec.o)
                0x0000000008008b30                __d2b
 .text.__ratio  0x0000000008008bce       0x5c c:/st/stm32cubeide_1.4.0/stm32cubeide/plugins/com.st.stm32cube.ide.mcu.externaltools.gnu-tools-for-stm32.7-2018-q2-update.win32_1.4.0.202007081208/tools/bin/../lib/gcc/arm-none-eabi/7.3.1/../../../../arm-none-eabi/lib/thumb/v7-m\libc_nano.a(lib_a-mprec.o)
                0x0000000008008bce                __ratio
 .text.__copybits
                0x0000000008008c2a       0x34 c:/st/stm32cubeide_1.4.0/stm32cubeide/plugins/com.st.stm32cube.ide.mcu.externaltools.gnu-tools-for-stm32.7-2018-q2-update.win32_1.4.0.202007081208/tools/bin/../lib/gcc/arm-none-eabi/7.3.1/../../../../arm-none-eabi/lib/thumb/v7-m\libc_nano.a(lib_a-mprec.o)
                0x0000000008008c2a                __copybits
 .text.__any_on
                0x0000000008008c5e       0x42 c:/st/stm32cubeide_1.4.0/stm32cubeide/plugins/com.st.stm32cube.ide.mcu.externaltools.gnu-tools-for-stm32.7-2018-q2-update.win32_1.4.0.202007081208/tools/bin/../lib/gcc/arm-none-eabi/7.3.1/../../../../arm-none-eabi/lib/thumb/v7-m\libc_nano.a(lib_a-mprec.o)
                0x0000000008008c5e                __any_on
 .text._calloc_r
                0x0000000008008ca0       0x1c c:/st/stm32cubeide_1.4.0/stm32cubeide/plugins/com.st.stm32cube.ide.mcu.externaltools.gnu-tools-for-stm32.7-2018-q2-update.win32_1.4.0.202007081208/tools/bin/../lib/gcc/arm-none-eabi/7.3.1/../../../../arm-none-eabi/lib/thumb/v7-m\libc_nano.a(lib_a-nano-callocr.o)
                0x0000000008008ca0                _calloc_r
 .text._realloc_r
                0x0000000008008cbc       0x4c c:/st/stm32cubeide_1.4.0/stm32cubeide/plugins/com.st.stm32cube.ide.mcu.externaltools.gnu-tools-for-stm32.7-2018-q2-update.win32_1.4.0.202007081208/tools/bin/../lib/gcc/arm-none-eabi/7.3.1/../../../../arm-none-eabi/lib/thumb/v7-m\libc_nano.a(lib_a-nano-reallocr.o)
                0x0000000008008cbc                _realloc_r
 .text.__ssputs_r
                0x0000000008008d08       0xb4 c:/st/stm32cubeide_1.4.0/stm32cubeide/plugins/com.st.stm32cube.ide.mcu.externaltools.gnu-tools-for-stm32.7-2018-q2-update.win32_1.4.0.202007081208/tools/bin/../lib/gcc/arm-none-eabi/7.3.1/../../../../arm-none-eabi/lib/thumb/v7-m\libc_nano.a(lib_a-nano-svfprintf.o)
                0x0000000008008d08                __ssputs_r
 .text._svfprintf_r
                0x0000000008008dbc      0x1f0 c:/st/stm32cubeide_1.4.0/stm32cubeide/plugins/com.st.stm32cube.ide.mcu.externaltools.gnu-tools-for-stm32.7-2018-q2-update.win32_1.4.0.202007081208/tools/bin/../lib/gcc/arm-none-eabi/7.3.1/../../../../arm-none-eabi/lib/thumb/v7-m\libc_nano.a(lib_a-nano-svfprintf.o)
                0x0000000008008dbc                _svfiprintf_r
                0x0000000008008dbc                _svfprintf_r
 .text.memmove  0x0000000008008fac       0x32 c:/st/stm32cubeide_1.4.0/stm32cubeide/plugins/com.st.stm32cube.ide.mcu.externaltools.gnu-tools-for-stm32.7-2018-q2-update.win32_1.4.0.202007081208/tools/bin/../lib/gcc/arm-none-eabi/7.3.1/../../../../arm-none-eabi/lib/thumb/v7-m\libc_nano.a(lib_a-memmove.o)
                0x0000000008008fac                memmove
 .text._malloc_usable_size_r
                0x0000000008008fde       0x10 c:/st/stm32cubeide_1.4.0/stm32cubeide/plugins/com.st.stm32cube.ide.mcu.externaltools.gnu-tools-for-stm32.7-2018-q2-update.win32_1.4.0.202007081208/tools/bin/../lib/gcc/arm-none-eabi/7.3.1/../../../../arm-none-eabi/lib/thumb/v7-m\libc_nano.a(lib_a-nano-msizer.o)
                0x0000000008008fde                _malloc_usable_size_r
 *(.glue_7)
 .glue_7        0x0000000008008fee        0x0 linker stubs
 *(.glue_7t)
 .glue_7t       0x0000000008008fee        0x0 linker stubs
 *(.eh_frame)
 *fill*         0x0000000008008fee        0x2 
 .eh_frame      0x0000000008008ff0        0x0 c:/st/stm32cubeide_1.4.0/stm32cubeide/plugins/com.st.stm32cube.ide.mcu.externaltools.gnu-tools-for-stm32.7-2018-q2-update.win32_1.4.0.202007081208/tools/bin/../lib/gcc/arm-none-eabi/7.3.1/thumb/v7-m/crtbegin.o
 *(.init)
 .init          0x0000000008008ff0        0x4 c:/st/stm32cubeide_1.4.0/stm32cubeide/plugins/com.st.stm32cube.ide.mcu.externaltools.gnu-tools-for-stm32.7-2018-q2-update.win32_1.4.0.202007081208/tools/bin/../lib/gcc/arm-none-eabi/7.3.1/thumb/v7-m/crti.o
                0x0000000008008ff0                _init
 .init          0x0000000008008ff4        0x8 c:/st/stm32cubeide_1.4.0/stm32cubeide/plugins/com.st.stm32cube.ide.mcu.externaltools.gnu-tools-for-stm32.7-2018-q2-update.win32_1.4.0.202007081208/tools/bin/../lib/gcc/arm-none-eabi/7.3.1/thumb/v7-m/crtn.o
 *(.fini)
 .fini          0x0000000008008ffc        0x4 c:/st/stm32cubeide_1.4.0/stm32cubeide/plugins/com.st.stm32cube.ide.mcu.externaltools.gnu-tools-for-stm32.7-2018-q2-update.win32_1.4.0.202007081208/tools/bin/../lib/gcc/arm-none-eabi/7.3.1/thumb/v7-m/crti.o
                0x0000000008008ffc                _fini
 .fini          0x0000000008009000        0x8 c:/st/stm32cubeide_1.4.0/stm32cubeide/plugins/com.st.stm32cube.ide.mcu.externaltools.gnu-tools-for-stm32.7-2018-q2-update.win32_1.4.0.202007081208/tools/bin/../lib/gcc/arm-none-eabi/7.3.1/thumb/v7-m/crtn.o
                0x0000000008009008                . = ALIGN (0x4)
                0x0000000008009008                _etext = .

.vfp11_veneer   0x0000000008009008        0x0
 .vfp11_veneer  0x0000000008009008        0x0 linker stubs

.v4_bx          0x0000000008009008        0x0
 .v4_bx         0x0000000008009008        0x0 linker stubs

.iplt           0x0000000008009008        0x0
 .iplt          0x0000000008009008        0x0 c:/st/stm32cubeide_1.4.0/stm32cubeide/plugins/com.st.stm32cube.ide.mcu.externaltools.gnu-tools-for-stm32.7-2018-q2-update.win32_1.4.0.202007081208/tools/bin/../lib/gcc/arm-none-eabi/7.3.1/thumb/v7-m/crtbegin.o

.rodata         0x0000000008009008      0x4d0
                0x0000000008009008                . = ALIGN (0x4)
 *(.rodata)
 .rodata        0x0000000008009008        0x5 FREE_RTOS/tasks.o
 *fill*         0x000000000800900d        0x3 
 .rodata        0x0000000008009010       0x49 JSON/cJSON.o
 *fill*         0x0000000008009059        0x3 
 .rodata        0x000000000800905c      0x16d Src/main.o
 *(.rodata*)
 .rodata._setlocale_r.str1.1
                0x00000000080091c9        0x8 c:/st/stm32cubeide_1.4.0/stm32cubeide/plugins/com.st.stm32cube.ide.mcu.externaltools.gnu-tools-for-stm32.7-2018-q2-update.win32_1.4.0.202007081208/tools/bin/../lib/gcc/arm-none-eabi/7.3.1/../../../../arm-none-eabi/lib/thumb/v7-m\libc_nano.a(lib_a-locale.o)
                                          0x9 (size before relaxing)
 .rodata.str1.1
                0x00000000080091d1        0x2 c:/st/stm32cubeide_1.4.0/stm32cubeide/plugins/com.st.stm32cube.ide.mcu.externaltools.gnu-tools-for-stm32.7-2018-q2-update.win32_1.4.0.202007081208/tools/bin/../lib/gcc/arm-none-eabi/7.3.1/../../../../arm-none-eabi/lib/thumb/v7-m\libc_nano.a(lib_a-locale.o)
 .rodata._printf_float.str1.1
                0x00000000080091d3       0x12 c:/st/stm32cubeide_1.4.0/stm32cubeide/plugins/com.st.stm32cube.ide.mcu.externaltools.gnu-tools-for-stm32.7-2018-q2-update.win32_1.4.0.202007081208/tools/bin/../lib/gcc/arm-none-eabi/7.3.1/../../../../arm-none-eabi/lib/thumb/v7-m\libc_nano.a(lib_a-nano-vfprintf_float.o)
 .rodata._printf_i.str1.1
                0x00000000080091e5       0x22 c:/st/stm32cubeide_1.4.0/stm32cubeide/plugins/com.st.stm32cube.ide.mcu.externaltools.gnu-tools-for-stm32.7-2018-q2-update.win32_1.4.0.202007081208/tools/bin/../lib/gcc/arm-none-eabi/7.3.1/../../../../arm-none-eabi/lib/thumb/v7-m\libc_nano.a(lib_a-nano-vfprintf_i.o)
 .rodata._strtod_l.str1.1
                0x0000000008009207       0x22 c:/st/stm32cubeide_1.4.0/stm32cubeide/plugins/com.st.stm32cube.ide.mcu.externaltools.gnu-tools-for-stm32.7-2018-q2-update.win32_1.4.0.202007081208/tools/bin/../lib/gcc/arm-none-eabi/7.3.1/../../../../arm-none-eabi/lib/thumb/v7-m\libc_nano.a(lib_a-strtod.o)
                                          0xc (size before relaxing)
 *fill*         0x0000000008009207        0x1 
 .rodata.fpi.6160
                0x0000000008009208       0x14 c:/st/stm32cubeide_1.4.0/stm32cubeide/plugins/com.st.stm32cube.ide.mcu.externaltools.gnu-tools-for-stm32.7-2018-q2-update.win32_1.4.0.202007081208/tools/bin/../lib/gcc/arm-none-eabi/7.3.1/../../../../arm-none-eabi/lib/thumb/v7-m\libc_nano.a(lib_a-strtod.o)
 .rodata.fpinan.6196
                0x000000000800921c       0x14 c:/st/stm32cubeide_1.4.0/stm32cubeide/plugins/com.st.stm32cube.ide.mcu.externaltools.gnu-tools-for-stm32.7-2018-q2-update.win32_1.4.0.202007081208/tools/bin/../lib/gcc/arm-none-eabi/7.3.1/../../../../arm-none-eabi/lib/thumb/v7-m\libc_nano.a(lib_a-strtod.o)
 .rodata.tinytens
                0x0000000008009230       0x28 c:/st/stm32cubeide_1.4.0/stm32cubeide/plugins/com.st.stm32cube.ide.mcu.externaltools.gnu-tools-for-stm32.7-2018-q2-update.win32_1.4.0.202007081208/tools/bin/../lib/gcc/arm-none-eabi/7.3.1/../../../../arm-none-eabi/lib/thumb/v7-m\libc_nano.a(lib_a-strtod.o)
 .rodata._ctype_
                0x0000000008009258      0x101 c:/st/stm32cubeide_1.4.0/stm32cubeide/plugins/com.st.stm32cube.ide.mcu.externaltools.gnu-tools-for-stm32.7-2018-q2-update.win32_1.4.0.202007081208/tools/bin/../lib/gcc/arm-none-eabi/7.3.1/../../../../arm-none-eabi/lib/thumb/v7-m\libc_nano.a(lib_a-ctype_.o)
                0x0000000008009258                _ctype_
 .rodata._dtoa_r.str1.1
                0x0000000008009359        0xd c:/st/stm32cubeide_1.4.0/stm32cubeide/plugins/com.st.stm32cube.ide.mcu.externaltools.gnu-tools-for-stm32.7-2018-q2-update.win32_1.4.0.202007081208/tools/bin/../lib/gcc/arm-none-eabi/7.3.1/../../../../arm-none-eabi/lib/thumb/v7-m\libc_nano.a(lib_a-dtoa.o)
                                          0xf (size before relaxing)
 *fill*         0x0000000008009366        0x2 
 .rodata.__mprec_bigtens
                0x0000000008009368       0x28 c:/st/stm32cubeide_1.4.0/stm32cubeide/plugins/com.st.stm32cube.ide.mcu.externaltools.gnu-tools-for-stm32.7-2018-q2-update.win32_1.4.0.202007081208/tools/bin/../lib/gcc/arm-none-eabi/7.3.1/../../../../arm-none-eabi/lib/thumb/v7-m\libc_nano.a(lib_a-mprec.o)
                0x0000000008009368                __mprec_bigtens
 .rodata.__mprec_tens
                0x0000000008009390       0xc8 c:/st/stm32cubeide_1.4.0/stm32cubeide/plugins/com.st.stm32cube.ide.mcu.externaltools.gnu-tools-for-stm32.7-2018-q2-update.win32_1.4.0.202007081208/tools/bin/../lib/gcc/arm-none-eabi/7.3.1/../../../../arm-none-eabi/lib/thumb/v7-m\libc_nano.a(lib_a-mprec.o)
                0x0000000008009390                __mprec_tens
 .rodata.p05.6084
                0x0000000008009458        0xc c:/st/stm32cubeide_1.4.0/stm32cubeide/plugins/com.st.stm32cube.ide.mcu.externaltools.gnu-tools-for-stm32.7-2018-q2-update.win32_1.4.0.202007081208/tools/bin/../lib/gcc/arm-none-eabi/7.3.1/../../../../arm-none-eabi/lib/thumb/v7-m\libc_nano.a(lib_a-mprec.o)
 .rodata._svfprintf_r.str1.1
                0x0000000008009464       0x11 c:/st/stm32cubeide_1.4.0/stm32cubeide/plugins/com.st.stm32cube.ide.mcu.externaltools.gnu-tools-for-stm32.7-2018-q2-update.win32_1.4.0.202007081208/tools/bin/../lib/gcc/arm-none-eabi/7.3.1/../../../../arm-none-eabi/lib/thumb/v7-m\libc_nano.a(lib_a-nano-svfprintf.o)
 *fill*         0x0000000008009475        0x3 
 .rodata.__sf_fake_stderr
                0x0000000008009478       0x20 c:/st/stm32cubeide_1.4.0/stm32cubeide/plugins/com.st.stm32cube.ide.mcu.externaltools.gnu-tools-for-stm32.7-2018-q2-update.win32_1.4.0.202007081208/tools/bin/../lib/gcc/arm-none-eabi/7.3.1/../../../../arm-none-eabi/lib/thumb/v7-m\libc_nano.a(lib_a-findfp.o)
                0x0000000008009478                __sf_fake_stderr
 .rodata.__sf_fake_stdin
                0x0000000008009498       0x20 c:/st/stm32cubeide_1.4.0/stm32cubeide/plugins/com.st.stm32cube.ide.mcu.externaltools.gnu-tools-for-stm32.7-2018-q2-update.win32_1.4.0.202007081208/tools/bin/../lib/gcc/arm-none-eabi/7.3.1/../../../../arm-none-eabi/lib/thumb/v7-m\libc_nano.a(lib_a-findfp.o)
                0x0000000008009498                __sf_fake_stdin
 .rodata.__sf_fake_stdout
                0x00000000080094b8       0x20 c:/st/stm32cubeide_1.4.0/stm32cubeide/plugins/com.st.stm32cube.ide.mcu.externaltools.gnu-tools-for-stm32.7-2018-q2-update.win32_1.4.0.202007081208/tools/bin/../lib/gcc/arm-none-eabi/7.3.1/../../../../arm-none-eabi/lib/thumb/v7-m\libc_nano.a(lib_a-findfp.o)
                0x00000000080094b8                __sf_fake_stdout
                0x00000000080094d8                . = ALIGN (0x4)

.rel.dyn        0x00000000080094d8        0x0
 .rel.iplt      0x00000000080094d8        0x0 c:/st/stm32cubeide_1.4.0/stm32cubeide/plugins/com.st.stm32cube.ide.mcu.externaltools.gnu-tools-for-stm32.7-2018-q2-update.win32_1.4.0.202007081208/tools/bin/../lib/gcc/arm-none-eabi/7.3.1/thumb/v7-m/crtbegin.o

.ARM.extab      0x00000000080094d8        0x0
                0x00000000080094d8                . = ALIGN (0x4)
 *(.ARM.extab* .gnu.linkonce.armextab.*)
                0x00000000080094d8                . = ALIGN (0x4)

.ARM            0x00000000080094d8        0x0
                0x00000000080094d8                . = ALIGN (0x4)
                0x00000000080094d8                __exidx_start = .
 *(.ARM.exidx*)
                0x00000000080094d8                __exidx_end = .
                0x00000000080094d8                . = ALIGN (0x4)

.preinit_array  0x00000000080094d8        0x0
                0x00000000080094d8                . = ALIGN (0x4)
                0x00000000080094d8                PROVIDE (__preinit_array_start = .)
 *(.preinit_array*)
                0x00000000080094d8                PROVIDE (__preinit_array_end = .)
                0x00000000080094d8                . = ALIGN (0x4)

.init_array     0x00000000080094d8        0x4
                0x00000000080094d8                . = ALIGN (0x4)
                0x00000000080094d8                PROVIDE (__init_array_start = .)
 *(SORT_BY_NAME(.init_array.*))
 *(.init_array*)
 .init_array    0x00000000080094d8        0x4 c:/st/stm32cubeide_1.4.0/stm32cubeide/plugins/com.st.stm32cube.ide.mcu.externaltools.gnu-tools-for-stm32.7-2018-q2-update.win32_1.4.0.202007081208/tools/bin/../lib/gcc/arm-none-eabi/7.3.1/thumb/v7-m/crtbegin.o
                0x00000000080094dc                PROVIDE (__init_array_end = .)
                0x00000000080094dc                . = ALIGN (0x4)

.fini_array     0x00000000080094dc        0x4
                0x00000000080094dc                . = ALIGN (0x4)
                [!provide]                        PROVIDE (__fini_array_start = .)
 *(SORT_BY_NAME(.fini_array.*))
 *(.fini_array*)
 .fini_array    0x00000000080094dc        0x4 c:/st/stm32cubeide_1.4.0/stm32cubeide/plugins/com.st.stm32cube.ide.mcu.externaltools.gnu-tools-for-stm32.7-2018-q2-update.win32_1.4.0.202007081208/tools/bin/../lib/gcc/arm-none-eabi/7.3.1/thumb/v7-m/crtbegin.o
                [!provide]                        PROVIDE (__fini_array_end = .)
                0x00000000080094e0                . = ALIGN (0x4)
                0x00000000080094e0                _sidata = LOADADDR (.data)

.data           0x0000000020000000      0x204 load address 0x00000000080094e0
                0x0000000020000000                . = ALIGN (0x4)
                0x0000000020000000                _sdata = .
 *(.data)
 *(.data*)
 .data.uxTopUsedPriority
                0x0000000020000000        0x4 FREE_RTOS/tasks.o
                0x0000000020000000                uxTopUsedPriority
 .data.uxCriticalNesting
                0x0000000020000004        0x4 FREE_RTOS/portable/GCC/ARM_CM3/port.o
 .data.global_hooks
                0x0000000020000008        0xc JSON/cJSON.o
 .data.AHB_Prescaler
                0x0000000020000014       0x10 STM32F103C6_DRIVERS/RCC ( DEMO )/RCC_DRIVER.o
                0x0000000020000014                AHB_Prescaler
 .data.APB2_Prescaler
                0x0000000020000024        0x8 STM32F103C6_DRIVERS/RCC ( DEMO )/RCC_DRIVER.o
                0x0000000020000024                APB2_Prescaler
 .data.tempSensorDuration
                0x000000002000002c        0x4 Src/main.o
                0x000000002000002c                tempSensorDuration
 .data.lightSensorDuration
                0x0000000020000030        0x4 Src/main.o
                0x0000000020000030                lightSensorDuration
 .data._impure_ptr
                0x0000000020000034        0x4 c:/st/stm32cubeide_1.4.0/stm32cubeide/plugins/com.st.stm32cube.ide.mcu.externaltools.gnu-tools-for-stm32.7-2018-q2-update.win32_1.4.0.202007081208/tools/bin/../lib/gcc/arm-none-eabi/7.3.1/../../../../arm-none-eabi/lib/thumb/v7-m\libc_nano.a(lib_a-impure.o)
                0x0000000020000034                _impure_ptr
 .data.impure_data
                0x0000000020000038       0x60 c:/st/stm32cubeide_1.4.0/stm32cubeide/plugins/com.st.stm32cube.ide.mcu.externaltools.gnu-tools-for-stm32.7-2018-q2-update.win32_1.4.0.202007081208/tools/bin/../lib/gcc/arm-none-eabi/7.3.1/../../../../arm-none-eabi/lib/thumb/v7-m\libc_nano.a(lib_a-impure.o)
 .data.__global_locale
                0x0000000020000098      0x16c c:/st/stm32cubeide_1.4.0/stm32cubeide/plugins/com.st.stm32cube.ide.mcu.externaltools.gnu-tools-for-stm32.7-2018-q2-update.win32_1.4.0.202007081208/tools/bin/../lib/gcc/arm-none-eabi/7.3.1/../../../../arm-none-eabi/lib/thumb/v7-m\libc_nano.a(lib_a-locale.o)
                0x0000000020000098                __global_locale
                0x0000000020000204                . = ALIGN (0x4)
                0x0000000020000204                _edata = .

.igot.plt       0x0000000020000204        0x0 load address 0x00000000080096e4
 .igot.plt      0x0000000020000204        0x0 c:/st/stm32cubeide_1.4.0/stm32cubeide/plugins/com.st.stm32cube.ide.mcu.externaltools.gnu-tools-for-stm32.7-2018-q2-update.win32_1.4.0.202007081208/tools/bin/../lib/gcc/arm-none-eabi/7.3.1/thumb/v7-m/crtbegin.o
                0x0000000020000204                . = ALIGN (0x4)

.bss            0x0000000020000204     0x2264 load address 0x00000000080096e4
                0x0000000020000204                _sbss = .
                0x0000000020000204                __bss_start__ = _sbss
 *(.bss)
 .bss           0x0000000020000204       0x1c c:/st/stm32cubeide_1.4.0/stm32cubeide/plugins/com.st.stm32cube.ide.mcu.externaltools.gnu-tools-for-stm32.7-2018-q2-update.win32_1.4.0.202007081208/tools/bin/../lib/gcc/arm-none-eabi/7.3.1/thumb/v7-m/crtbegin.o
 *(.bss*)
 .bss.pxCurrentTCB
                0x0000000020000220        0x4 FREE_RTOS/tasks.o
                0x0000000020000220                pxCurrentTCB
 .bss.pxReadyTasksLists
                0x0000000020000224       0x64 FREE_RTOS/tasks.o
 .bss.xDelayedTaskList1
                0x0000000020000288       0x14 FREE_RTOS/tasks.o
 .bss.xDelayedTaskList2
                0x000000002000029c       0x14 FREE_RTOS/tasks.o
 .bss.pxDelayedTaskList
                0x00000000200002b0        0x4 FREE_RTOS/tasks.o
 .bss.pxOverflowDelayedTaskList
                0x00000000200002b4        0x4 FREE_RTOS/tasks.o
 .bss.xPendingReadyList
                0x00000000200002b8       0x14 FREE_RTOS/tasks.o
 .bss.xTasksWaitingTermination
                0x00000000200002cc       0x14 FREE_RTOS/tasks.o
 .bss.uxDeletedTasksWaitingCleanUp
                0x00000000200002e0        0x4 FREE_RTOS/tasks.o
 .bss.xSuspendedTaskList
                0x00000000200002e4       0x14 FREE_RTOS/tasks.o
 .bss.uxCurrentNumberOfTasks
                0x00000000200002f8        0x4 FREE_RTOS/tasks.o
 .bss.xTickCount
                0x00000000200002fc        0x4 FREE_RTOS/tasks.o
 .bss.uxTopReadyPriority
                0x0000000020000300        0x4 FREE_RTOS/tasks.o
 .bss.xSchedulerRunning
                0x0000000020000304        0x4 FREE_RTOS/tasks.o
 .bss.xPendedTicks
                0x0000000020000308        0x4 FREE_RTOS/tasks.o
 .bss.xYieldPending
                0x000000002000030c        0x4 FREE_RTOS/tasks.o
 .bss.xNumOfOverflows
                0x0000000020000310        0x4 FREE_RTOS/tasks.o
 .bss.uxTaskNumber
                0x0000000020000314        0x4 FREE_RTOS/tasks.o
 .bss.xNextTaskUnblockTime
                0x0000000020000318        0x4 FREE_RTOS/tasks.o
 .bss.xIdleTaskHandle
                0x000000002000031c        0x4 FREE_RTOS/tasks.o
 .bss.uxSchedulerSuspended
                0x0000000020000320        0x4 FREE_RTOS/tasks.o
 .bss.ucHeap    0x0000000020000324     0x2000 FREE_RTOS/portable/MemMang/heap_4.o
 .bss.xStart    0x0000000020002324        0x8 FREE_RTOS/portable/MemMang/heap_4.o
 .bss.pxEnd     0x000000002000232c        0x4 FREE_RTOS/portable/MemMang/heap_4.o
 .bss.xFreeBytesRemaining
                0x0000000020002330        0x4 FREE_RTOS/portable/MemMang/heap_4.o
 .bss.xMinimumEverFreeBytesRemaining
                0x0000000020002334        0x4 FREE_RTOS/portable/MemMang/heap_4.o
 .bss.xNumberOfSuccessfulAllocations
                0x0000000020002338        0x4 FREE_RTOS/portable/MemMang/heap_4.o
 .bss.xNumberOfSuccessfulFrees
                0x000000002000233c        0x4 FREE_RTOS/portable/MemMang/heap_4.o
 .bss.xBlockAllocatedBit
                0x0000000020002340        0x4 FREE_RTOS/portable/MemMang/heap_4.o
 .bss.global_error
                0x0000000020002344        0x8 JSON/cJSON.o
 .bss.TX_flag1  0x000000002000234c        0x1 STM32F103C6_DRIVERS/USART/USART_DRIVER.o
                0x000000002000234c                TX_flag1
 .bss.RX_flag2  0x000000002000234d        0x1 STM32F103C6_DRIVERS/USART/USART_DRIVER.o
                0x000000002000234d                RX_flag2
 .bss.TC_flag3  0x000000002000234e        0x1 STM32F103C6_DRIVERS/USART/USART_DRIVER.o
                0x000000002000234e                TC_flag3
 *fill*         0x000000002000234f        0x1 
 .bss.USARTSemaphore
                0x0000000020002350        0x4 Src/main.o
                0x0000000020002350                USARTSemaphore
 .bss.relaySemaphore
                0x0000000020002354        0x4 Src/main.o
                0x0000000020002354                relaySemaphore
 .bss.tempSensorSemaphore
                0x0000000020002358        0x4 Src/main.o
                0x0000000020002358                tempSensorSemaphore
 .bss.lightSensorSemaphore
                0x000000002000235c        0x4 Src/main.o
                0x000000002000235c                lightSensorSemaphore
 .bss.xTempTaskHandle
                0x0000000020002360        0x4 Src/main.o
                0x0000000020002360                xTempTaskHandle
 .bss.xUartTaskHandle
                0x0000000020002364        0x4 Src/main.o
                0x0000000020002364                xUartTaskHandle
 .bss.counter   0x0000000020002368        0x4 Src/main.o
 .bss.relayStatus
                0x000000002000236c        0x1 Src/main.o
                0x000000002000236c                relayStatus
 .bss.relayLastStatus
                0x000000002000236d        0x1 Src/main.o
                0x000000002000236d                relayLastStatus
 *fill*         0x000000002000236e        0x2 
 .bss.analog_rx_temperature
                0x0000000020002370        0x4 Src/main.o
                0x0000000020002370                analog_rx_temperature
 .bss.analog_rx_light
                0x0000000020002374        0x4 Src/main.o
                0x0000000020002374                analog_rx_light
 .bss.__sbrk_heap_end
                0x0000000020002378        0x4 Src/sysmem.o
 .bss.__malloc_free_list
                0x000000002000237c        0x4 c:/st/stm32cubeide_1.4.0/stm32cubeide/plugins/com.st.stm32cube.ide.mcu.externaltools.gnu-tools-for-stm32.7-2018-q2-update.win32_1.4.0.202007081208/tools/bin/../lib/gcc/arm-none-eabi/7.3.1/../../../../arm-none-eabi/lib/thumb/v7-m\libc_nano.a(lib_a-nano-mallocr.o)
                0x000000002000237c                __malloc_free_list
 .bss.__malloc_sbrk_start
                0x0000000020002380        0x4 c:/st/stm32cubeide_1.4.0/stm32cubeide/plugins/com.st.stm32cube.ide.mcu.externaltools.gnu-tools-for-stm32.7-2018-q2-update.win32_1.4.0.202007081208/tools/bin/../lib/gcc/arm-none-eabi/7.3.1/../../../../arm-none-eabi/lib/thumb/v7-m\libc_nano.a(lib_a-nano-mallocr.o)
                0x0000000020002380                __malloc_sbrk_start
 *(COMMON)
 COMMON         0x0000000020002384       0x3c STM32F103C6_DRIVERS/EXTI/EXTI_DRIVER.o
                0x0000000020002384                GP_IRQ_CallBack
 COMMON         0x00000000200023c0        0x4 STM32F103C6_DRIVERS/SPI/SPI_DRIVER.o
                0x00000000200023c0                Global_SPI_Config_s
 COMMON         0x00000000200023c4       0x48 STM32F103C6_DRIVERS/USART/USART_DRIVER.o
                0x00000000200023c4                Global_USART_Config_s
 COMMON         0x000000002000240c       0x58 Src/main.o
                0x000000002000240c                jsonBuffer
                0x000000002000244c                xUartMutex
                0x0000000020002450                num
                0x000000002000245c                xJsonQueue
                0x0000000020002460                xJsonSemaphore
 COMMON         0x0000000020002464        0x4 c:/st/stm32cubeide_1.4.0/stm32cubeide/plugins/com.st.stm32cube.ide.mcu.externaltools.gnu-tools-for-stm32.7-2018-q2-update.win32_1.4.0.202007081208/tools/bin/../lib/gcc/arm-none-eabi/7.3.1/../../../../arm-none-eabi/lib/thumb/v7-m\libc_nano.a(lib_a-reent.o)
                0x0000000020002464                errno
                0x0000000020002468                . = ALIGN (0x4)
                0x0000000020002468                _ebss = .
                0x0000000020002468                __bss_end__ = _ebss

._user_heap_stack
                0x0000000020002468      0x600 load address 0x00000000080096e4
                0x0000000020002468                . = ALIGN (0x8)
                [!provide]                        PROVIDE (end = .)
                0x0000000020002468                PROVIDE (_end = .)
                0x0000000020002668                . = (. + _Min_Heap_Size)
 *fill*         0x0000000020002468      0x200 
                0x0000000020002a68                . = (. + _Min_Stack_Size)
 *fill*         0x0000000020002668      0x400 
                0x0000000020002a68                . = ALIGN (0x8)

/DISCARD/
 libc.a(*)
 libm.a(*)
 libgcc.a(*)

.ARM.attributes
                0x0000000000000000       0x29
 *(.ARM.attributes)
 .ARM.attributes
                0x0000000000000000       0x1d c:/st/stm32cubeide_1.4.0/stm32cubeide/plugins/com.st.stm32cube.ide.mcu.externaltools.gnu-tools-for-stm32.7-2018-q2-update.win32_1.4.0.202007081208/tools/bin/../lib/gcc/arm-none-eabi/7.3.1/thumb/v7-m/crti.o
 .ARM.attributes
                0x000000000000001d       0x2d c:/st/stm32cubeide_1.4.0/stm32cubeide/plugins/com.st.stm32cube.ide.mcu.externaltools.gnu-tools-for-stm32.7-2018-q2-update.win32_1.4.0.202007081208/tools/bin/../lib/gcc/arm-none-eabi/7.3.1/thumb/v7-m/crtbegin.o
 .ARM.attributes
                0x000000000000004a       0x33 FREE_RTOS/list.o
 .ARM.attributes
                0x000000000000007d       0x33 FREE_RTOS/queue.o
 .ARM.attributes
                0x00000000000000b0       0x33 FREE_RTOS/tasks.o
 .ARM.attributes
                0x00000000000000e3       0x33 FREE_RTOS/portable/GCC/ARM_CM3/port.o
 .ARM.attributes
                0x0000000000000116       0x33 FREE_RTOS/portable/MemMang/heap_4.o
 .ARM.attributes
                0x0000000000000149       0x33 JSON/cJSON.o
 .ARM.attributes
                0x000000000000017c       0x33 STM32F103C6_DRIVERS/ADC/ADC.o
 .ARM.attributes
                0x00000000000001af       0x33 STM32F103C6_DRIVERS/EXTI/EXTI_DRIVER.o
 .ARM.attributes
                0x00000000000001e2       0x33 STM32F103C6_DRIVERS/GPIO/GPIO_DRIVER.o
 .ARM.attributes
                0x0000000000000215       0x33 STM32F103C6_DRIVERS/I2C/I2C_DRIVER.o
 .ARM.attributes
                0x0000000000000248       0x33 STM32F103C6_DRIVERS/RCC ( DEMO )/RCC_DRIVER.o
 .ARM.attributes
                0x000000000000027b       0x33 STM32F103C6_DRIVERS/SPI/SPI_DRIVER.o
 .ARM.attributes
                0x00000000000002ae       0x33 STM32F103C6_DRIVERS/USART/USART_DRIVER.o
 .ARM.attributes
                0x00000000000002e1       0x33 Src/main.o
 .ARM.attributes
                0x0000000000000314       0x33 Src/sysmem.o
 .ARM.attributes
                0x0000000000000347       0x21 Startup/startup_stm32f103c6tx.o
 .ARM.attributes
                0x0000000000000368       0x2d c:/st/stm32cubeide_1.4.0/stm32cubeide/plugins/com.st.stm32cube.ide.mcu.externaltools.gnu-tools-for-stm32.7-2018-q2-update.win32_1.4.0.202007081208/tools/bin/../lib/gcc/arm-none-eabi/7.3.1/../../../../arm-none-eabi/lib/thumb/v7-m\libc_nano.a(lib_a-atoi.o)
 .ARM.attributes
                0x0000000000000395       0x2d c:/st/stm32cubeide_1.4.0/stm32cubeide/plugins/com.st.stm32cube.ide.mcu.externaltools.gnu-tools-for-stm32.7-2018-q2-update.win32_1.4.0.202007081208/tools/bin/../lib/gcc/arm-none-eabi/7.3.1/../../../../arm-none-eabi/lib/thumb/v7-m\libc_nano.a(lib_a-errno.o)
 .ARM.attributes
                0x00000000000003c2       0x2d c:/st/stm32cubeide_1.4.0/stm32cubeide/plugins/com.st.stm32cube.ide.mcu.externaltools.gnu-tools-for-stm32.7-2018-q2-update.win32_1.4.0.202007081208/tools/bin/../lib/gcc/arm-none-eabi/7.3.1/../../../../arm-none-eabi/lib/thumb/v7-m\libc_nano.a(lib_a-impure.o)
 .ARM.attributes
                0x00000000000003ef       0x2d c:/st/stm32cubeide_1.4.0/stm32cubeide/plugins/com.st.stm32cube.ide.mcu.externaltools.gnu-tools-for-stm32.7-2018-q2-update.win32_1.4.0.202007081208/tools/bin/../lib/gcc/arm-none-eabi/7.3.1/../../../../arm-none-eabi/lib/thumb/v7-m\libc_nano.a(lib_a-init.o)
 .ARM.attributes
                0x000000000000041c       0x2d c:/st/stm32cubeide_1.4.0/stm32cubeide/plugins/com.st.stm32cube.ide.mcu.externaltools.gnu-tools-for-stm32.7-2018-q2-update.win32_1.4.0.202007081208/tools/bin/../lib/gcc/arm-none-eabi/7.3.1/../../../../arm-none-eabi/lib/thumb/v7-m\libc_nano.a(lib_a-locale.o)
 .ARM.attributes
                0x0000000000000449       0x2d c:/st/stm32cubeide_1.4.0/stm32cubeide/plugins/com.st.stm32cube.ide.mcu.externaltools.gnu-tools-for-stm32.7-2018-q2-update.win32_1.4.0.202007081208/tools/bin/../lib/gcc/arm-none-eabi/7.3.1/../../../../arm-none-eabi/lib/thumb/v7-m\libc_nano.a(lib_a-malloc.o)
 .ARM.attributes
                0x0000000000000476       0x2d c:/st/stm32cubeide_1.4.0/stm32cubeide/plugins/com.st.stm32cube.ide.mcu.externaltools.gnu-tools-for-stm32.7-2018-q2-update.win32_1.4.0.202007081208/tools/bin/../lib/gcc/arm-none-eabi/7.3.1/../../../../arm-none-eabi/lib/thumb/v7-m\libc_nano.a(lib_a-mbtowc_r.o)
 .ARM.attributes
                0x00000000000004a3       0x2d c:/st/stm32cubeide_1.4.0/stm32cubeide/plugins/com.st.stm32cube.ide.mcu.externaltools.gnu-tools-for-stm32.7-2018-q2-update.win32_1.4.0.202007081208/tools/bin/../lib/gcc/arm-none-eabi/7.3.1/../../../../arm-none-eabi/lib/thumb/v7-m\libc_nano.a(lib_a-memcpy-stub.o)
 .ARM.attributes
                0x00000000000004d0       0x2d c:/st/stm32cubeide_1.4.0/stm32cubeide/plugins/com.st.stm32cube.ide.mcu.externaltools.gnu-tools-for-stm32.7-2018-q2-update.win32_1.4.0.202007081208/tools/bin/../lib/gcc/arm-none-eabi/7.3.1/../../../../arm-none-eabi/lib/thumb/v7-m\libc_nano.a(lib_a-memset.o)
 .ARM.attributes
                0x00000000000004fd       0x2d c:/st/stm32cubeide_1.4.0/stm32cubeide/plugins/com.st.stm32cube.ide.mcu.externaltools.gnu-tools-for-stm32.7-2018-q2-update.win32_1.4.0.202007081208/tools/bin/../lib/gcc/arm-none-eabi/7.3.1/../../../../arm-none-eabi/lib/thumb/v7-m\libc_nano.a(lib_a-nano-freer.o)
 .ARM.attributes
                0x000000000000052a       0x2d c:/st/stm32cubeide_1.4.0/stm32cubeide/plugins/com.st.stm32cube.ide.mcu.externaltools.gnu-tools-for-stm32.7-2018-q2-update.win32_1.4.0.202007081208/tools/bin/../lib/gcc/arm-none-eabi/7.3.1/../../../../arm-none-eabi/lib/thumb/v7-m\libc_nano.a(lib_a-nano-mallocr.o)
 .ARM.attributes
                0x0000000000000557       0x2d c:/st/stm32cubeide_1.4.0/stm32cubeide/plugins/com.st.stm32cube.ide.mcu.externaltools.gnu-tools-for-stm32.7-2018-q2-update.win32_1.4.0.202007081208/tools/bin/../lib/gcc/arm-none-eabi/7.3.1/../../../../arm-none-eabi/lib/thumb/v7-m\libc_nano.a(lib_a-nano-vfprintf_float.o)
 .ARM.attributes
                0x0000000000000584       0x2d c:/st/stm32cubeide_1.4.0/stm32cubeide/plugins/com.st.stm32cube.ide.mcu.externaltools.gnu-tools-for-stm32.7-2018-q2-update.win32_1.4.0.202007081208/tools/bin/../lib/gcc/arm-none-eabi/7.3.1/../../../../arm-none-eabi/lib/thumb/v7-m\libc_nano.a(lib_a-nano-vfprintf_i.o)
 .ARM.attributes
                0x00000000000005b1       0x2d c:/st/stm32cubeide_1.4.0/stm32cubeide/plugins/com.st.stm32cube.ide.mcu.externaltools.gnu-tools-for-stm32.7-2018-q2-update.win32_1.4.0.202007081208/tools/bin/../lib/gcc/arm-none-eabi/7.3.1/../../../../arm-none-eabi/lib/thumb/v7-m\libc_nano.a(lib_a-realloc.o)
 .ARM.attributes
                0x00000000000005de       0x2d c:/st/stm32cubeide_1.4.0/stm32cubeide/plugins/com.st.stm32cube.ide.mcu.externaltools.gnu-tools-for-stm32.7-2018-q2-update.win32_1.4.0.202007081208/tools/bin/../lib/gcc/arm-none-eabi/7.3.1/../../../../arm-none-eabi/lib/thumb/v7-m\libc_nano.a(lib_a-sbrkr.o)
 .ARM.attributes
                0x000000000000060b       0x2d c:/st/stm32cubeide_1.4.0/stm32cubeide/plugins/com.st.stm32cube.ide.mcu.externaltools.gnu-tools-for-stm32.7-2018-q2-update.win32_1.4.0.202007081208/tools/bin/../lib/gcc/arm-none-eabi/7.3.1/../../../../arm-none-eabi/lib/thumb/v7-m\libc_nano.a(lib_a-snprintf.o)
 .ARM.attributes
                0x0000000000000638       0x1b c:/st/stm32cubeide_1.4.0/stm32cubeide/plugins/com.st.stm32cube.ide.mcu.externaltools.gnu-tools-for-stm32.7-2018-q2-update.win32_1.4.0.202007081208/tools/bin/../lib/gcc/arm-none-eabi/7.3.1/../../../../arm-none-eabi/lib/thumb/v7-m\libc_nano.a(lib_a-strcmp.o)
 .ARM.attributes
                0x0000000000000653       0x17 c:/st/stm32cubeide_1.4.0/stm32cubeide/plugins/com.st.stm32cube.ide.mcu.externaltools.gnu-tools-for-stm32.7-2018-q2-update.win32_1.4.0.202007081208/tools/bin/../lib/gcc/arm-none-eabi/7.3.1/../../../../arm-none-eabi/lib/thumb/v7-m\libc_nano.a(lib_a-strlen.o)
 .ARM.attributes
                0x000000000000066a       0x2d c:/st/stm32cubeide_1.4.0/stm32cubeide/plugins/com.st.stm32cube.ide.mcu.externaltools.gnu-tools-for-stm32.7-2018-q2-update.win32_1.4.0.202007081208/tools/bin/../lib/gcc/arm-none-eabi/7.3.1/../../../../arm-none-eabi/lib/thumb/v7-m\libc_nano.a(lib_a-strncmp.o)
 .ARM.attributes
                0x0000000000000697       0x2d c:/st/stm32cubeide_1.4.0/stm32cubeide/plugins/com.st.stm32cube.ide.mcu.externaltools.gnu-tools-for-stm32.7-2018-q2-update.win32_1.4.0.202007081208/tools/bin/../lib/gcc/arm-none-eabi/7.3.1/../../../../arm-none-eabi/lib/thumb/v7-m\libc_nano.a(lib_a-strncpy.o)
 .ARM.attributes
                0x00000000000006c4       0x2d c:/st/stm32cubeide_1.4.0/stm32cubeide/plugins/com.st.stm32cube.ide.mcu.externaltools.gnu-tools-for-stm32.7-2018-q2-update.win32_1.4.0.202007081208/tools/bin/../lib/gcc/arm-none-eabi/7.3.1/../../../../arm-none-eabi/lib/thumb/v7-m\libc_nano.a(lib_a-strtod.o)
 .ARM.attributes
                0x00000000000006f1       0x2d c:/st/stm32cubeide_1.4.0/stm32cubeide/plugins/com.st.stm32cube.ide.mcu.externaltools.gnu-tools-for-stm32.7-2018-q2-update.win32_1.4.0.202007081208/tools/bin/../lib/gcc/arm-none-eabi/7.3.1/../../../../arm-none-eabi/lib/thumb/v7-m\libc_nano.a(lib_a-strtol.o)
 .ARM.attributes
                0x000000000000071e       0x2d c:/st/stm32cubeide_1.4.0/stm32cubeide/plugins/com.st.stm32cube.ide.mcu.externaltools.gnu-tools-for-stm32.7-2018-q2-update.win32_1.4.0.202007081208/tools/bin/../lib/gcc/arm-none-eabi/7.3.1/../../../../arm-none-eabi/lib/thumb/v7-m\libc_nano.a(lib_a-wctomb_r.o)
 .ARM.attributes
                0x000000000000074b       0x2d c:/st/stm32cubeide_1.4.0/stm32cubeide/plugins/com.st.stm32cube.ide.mcu.externaltools.gnu-tools-for-stm32.7-2018-q2-update.win32_1.4.0.202007081208/tools/bin/../lib/gcc/arm-none-eabi/7.3.1/../../../../arm-none-eabi/lib/thumb/v7-m\libc_nano.a(lib_a-ctype_.o)
 .ARM.attributes
                0x0000000000000778       0x2d c:/st/stm32cubeide_1.4.0/stm32cubeide/plugins/com.st.stm32cube.ide.mcu.externaltools.gnu-tools-for-stm32.7-2018-q2-update.win32_1.4.0.202007081208/tools/bin/../lib/gcc/arm-none-eabi/7.3.1/../../../../arm-none-eabi/lib/thumb/v7-m\libc_nano.a(lib_a-dtoa.o)
 .ARM.attributes
                0x00000000000007a5       0x2d c:/st/stm32cubeide_1.4.0/stm32cubeide/plugins/com.st.stm32cube.ide.mcu.externaltools.gnu-tools-for-stm32.7-2018-q2-update.win32_1.4.0.202007081208/tools/bin/../lib/gcc/arm-none-eabi/7.3.1/../../../../arm-none-eabi/lib/thumb/v7-m\libc_nano.a(lib_a-gdtoa-gethex.o)
 .ARM.attributes
                0x00000000000007d2       0x2d c:/st/stm32cubeide_1.4.0/stm32cubeide/plugins/com.st.stm32cube.ide.mcu.externaltools.gnu-tools-for-stm32.7-2018-q2-update.win32_1.4.0.202007081208/tools/bin/../lib/gcc/arm-none-eabi/7.3.1/../../../../arm-none-eabi/lib/thumb/v7-m\libc_nano.a(lib_a-gdtoa-hexnan.o)
 .ARM.attributes
                0x00000000000007ff       0x2d c:/st/stm32cubeide_1.4.0/stm32cubeide/plugins/com.st.stm32cube.ide.mcu.externaltools.gnu-tools-for-stm32.7-2018-q2-update.win32_1.4.0.202007081208/tools/bin/../lib/gcc/arm-none-eabi/7.3.1/../../../../arm-none-eabi/lib/thumb/v7-m\libc_nano.a(lib_a-localeconv.o)
 .ARM.attributes
                0x000000000000082c       0x2d c:/st/stm32cubeide_1.4.0/stm32cubeide/plugins/com.st.stm32cube.ide.mcu.externaltools.gnu-tools-for-stm32.7-2018-q2-update.win32_1.4.0.202007081208/tools/bin/../lib/gcc/arm-none-eabi/7.3.1/../../../../arm-none-eabi/lib/thumb/v7-m\libc_nano.a(lib_a-memchr-stub.o)
 .ARM.attributes
                0x0000000000000859       0x2d c:/st/stm32cubeide_1.4.0/stm32cubeide/plugins/com.st.stm32cube.ide.mcu.externaltools.gnu-tools-for-stm32.7-2018-q2-update.win32_1.4.0.202007081208/tools/bin/../lib/gcc/arm-none-eabi/7.3.1/../../../../arm-none-eabi/lib/thumb/v7-m\libc_nano.a(lib_a-mlock.o)
 .ARM.attributes
                0x0000000000000886       0x2d c:/st/stm32cubeide_1.4.0/stm32cubeide/plugins/com.st.stm32cube.ide.mcu.externaltools.gnu-tools-for-stm32.7-2018-q2-update.win32_1.4.0.202007081208/tools/bin/../lib/gcc/arm-none-eabi/7.3.1/../../../../arm-none-eabi/lib/thumb/v7-m\libc_nano.a(lib_a-mprec.o)
 .ARM.attributes
                0x00000000000008b3       0x2d c:/st/stm32cubeide_1.4.0/stm32cubeide/plugins/com.st.stm32cube.ide.mcu.externaltools.gnu-tools-for-stm32.7-2018-q2-update.win32_1.4.0.202007081208/tools/bin/../lib/gcc/arm-none-eabi/7.3.1/../../../../arm-none-eabi/lib/thumb/v7-m\libc_nano.a(lib_a-nano-callocr.o)
 .ARM.attributes
                0x00000000000008e0       0x2d c:/st/stm32cubeide_1.4.0/stm32cubeide/plugins/com.st.stm32cube.ide.mcu.externaltools.gnu-tools-for-stm32.7-2018-q2-update.win32_1.4.0.202007081208/tools/bin/../lib/gcc/arm-none-eabi/7.3.1/../../../../arm-none-eabi/lib/thumb/v7-m\libc_nano.a(lib_a-nano-reallocr.o)
 .ARM.attributes
                0x000000000000090d       0x2d c:/st/stm32cubeide_1.4.0/stm32cubeide/plugins/com.st.stm32cube.ide.mcu.externaltools.gnu-tools-for-stm32.7-2018-q2-update.win32_1.4.0.202007081208/tools/bin/../lib/gcc/arm-none-eabi/7.3.1/../../../../arm-none-eabi/lib/thumb/v7-m\libc_nano.a(lib_a-nano-svfprintf.o)
 .ARM.attributes
                0x000000000000093a       0x2d c:/st/stm32cubeide_1.4.0/stm32cubeide/plugins/com.st.stm32cube.ide.mcu.externaltools.gnu-tools-for-stm32.7-2018-q2-update.win32_1.4.0.202007081208/tools/bin/../lib/gcc/arm-none-eabi/7.3.1/../../../../arm-none-eabi/lib/thumb/v7-m\libc_nano.a(lib_a-reent.o)
 .ARM.attributes
                0x0000000000000967       0x2d c:/st/stm32cubeide_1.4.0/stm32cubeide/plugins/com.st.stm32cube.ide.mcu.externaltools.gnu-tools-for-stm32.7-2018-q2-update.win32_1.4.0.202007081208/tools/bin/../lib/gcc/arm-none-eabi/7.3.1/../../../../arm-none-eabi/lib/thumb/v7-m\libc_nano.a(lib_a-findfp.o)
 .ARM.attributes
                0x0000000000000994       0x2d c:/st/stm32cubeide_1.4.0/stm32cubeide/plugins/com.st.stm32cube.ide.mcu.externaltools.gnu-tools-for-stm32.7-2018-q2-update.win32_1.4.0.202007081208/tools/bin/../lib/gcc/arm-none-eabi/7.3.1/../../../../arm-none-eabi/lib/thumb/v7-m\libc_nano.a(lib_a-memmove.o)
 .ARM.attributes